Component: ARM Compiler 5.06 update 6 (build 750) Tool: armlink [4d35ed]

==============================================================================

Section Cross References

    control.o(i.ADC0_IRQHandler) refers to leds.o(i.Control_RGB_LEDs) for Control_RGB_LEDs
    control.o(i.ADC0_IRQHandler) refers to rtx_msgqueue.o(i.osMessageQueuePut) for osMessageQueuePut
    control.o(i.ADC0_IRQHandler) refers to control.o(i.Control_HBLED) for Control_HBLED
    control.o(i.ADC0_IRQHandler) refers to rtx_msgqueue.o(i.osMessageQueueGetCount) for osMessageQueueGetCount
    control.o(i.ADC0_IRQHandler) refers to rtx_msgqueue.o(i.osMessageQueueGet) for osMessageQueueGet
    control.o(i.ADC0_IRQHandler) refers to control.o(i.Init_ADC_HBLED) for Init_ADC_HBLED
    control.o(i.ADC0_IRQHandler) refers to control.o(.data) for .data
    control.o(i.ADC0_IRQHandler) refers to threads.o(.data) for result_msgq_id
    control.o(i.ADC0_IRQHandler) refers to control.o(.bss) for .bss
    control.o(i.Control_DutyCycle_Handler) refers to timers.o(i.PWM_Set_Value) for PWM_Set_Value
    control.o(i.Control_DutyCycle_Handler) refers to control.o(.data) for .data
    control.o(i.Control_HBLED) refers to fflti.o(.text) for __aeabi_i2f
    control.o(i.Control_HBLED) refers to fmul.o(x$fpl$fmul) for __aeabi_fmul
    control.o(i.Control_HBLED) refers to faddsub.o(x$fpl$fadd) for __aeabi_fadd
    control.o(i.Control_HBLED) refers to frlef.o(x$fpl$frleqf) for __aeabi_cfrcmple
    control.o(i.Control_HBLED) refers to faddsub.o(x$fpl$fsub) for __aeabi_fsub
    control.o(i.Control_HBLED) refers to ffixi.o(.text) for __aeabi_f2iz
    control.o(i.Control_HBLED) refers to fx.o(i.Multiply_FX) for Multiply_FX
    control.o(i.Control_HBLED) refers to fx.o(i.Add_FX) for Add_FX
    control.o(i.Control_HBLED) refers to fx.o(i.Subtract_FX) for Subtract_FX
    control.o(i.Control_HBLED) refers to timers.o(i.PWM_Set_Value) for PWM_Set_Value
    control.o(i.Control_HBLED) refers to control.o(.data) for .data
    control.o(i.Control_HBLED) refers to control.o(.bss) for .bss
    control.o(i.Control_HBLED) refers to main.o(.data) for control_mode
    control.o(i.Init_Buck_HBLED) refers to control.o(i.Init_ADC_HBLED) for Init_ADC_HBLED
    control.o(i.Init_Buck_HBLED) refers to timers.o(i.PWM_Init) for PWM_Init
    control.o(i.Init_Buck_HBLED) refers to control.o(.data) for .data
    control.o(i.Set_DAC_mA) refers to fflti.o(.text) for __aeabi_ui2f
    control.o(i.Set_DAC_mA) refers to fmul.o(x$fpl$fmul) for __aeabi_fmul
    control.o(i.Set_DAC_mA) refers to ffixui.o(.text) for __aeabi_f2uiz
    control.o(i.UpdatePID) refers to fmul.o(x$fpl$fmul) for __aeabi_fmul
    control.o(i.UpdatePID) refers to faddsub.o(x$fpl$fadd) for __aeabi_fadd
    control.o(i.UpdatePID) refers to frlef.o(x$fpl$frleqf) for __aeabi_cfrcmple
    control.o(i.UpdatePID) refers to faddsub.o(x$fpl$fsub) for __aeabi_fsub
    control.o(i.UpdatePID_FX) refers to fx.o(i.Multiply_FX) for Multiply_FX
    control.o(i.UpdatePID_FX) refers to fx.o(i.Add_FX) for Add_FX
    control.o(i.UpdatePID_FX) refers to fx.o(i.Subtract_FX) for Subtract_FX
    control.o(i.Update_Set_Current) refers to fflti.o(.text) for __aeabi_ui2f
    control.o(i.Update_Set_Current) refers to fmul.o(x$fpl$fmul) for __aeabi_fmul
    control.o(i.Update_Set_Current) refers to ffixui.o(.text) for __aeabi_f2uiz
    control.o(i.Update_Set_Current) refers to control.o(.data) for .data
    dma.o(i.Configure_DMA_For_Playback) refers to dma.o(.data) for .data
    dma.o(i.DMA0_IRQHandler) refers to rtx_thread.o(i.osThreadFlagsSet) for osThreadFlagsSet
    dma.o(i.DMA0_IRQHandler) refers to leds.o(i.Control_RGB_LEDs) for Control_RGB_LEDs
    dma.o(i.DMA0_IRQHandler) refers to timers.o(i.TPM0_Start) for TPM0_Start
    dma.o(i.DMA0_IRQHandler) refers to dma.o(.data) for .data
    dma.o(i.DMA0_IRQHandler) refers to threads.o(.data) for t_Refill_Sound_Buffer
    dma.o(i.Start_DMA_Playback) refers to timers.o(i.TPM0_Start) for TPM0_Start
    dma.o(i.Start_DMA_Playback) refers to dma.o(.data) for .data
    fx.o(i.Multiply_FX) refers to llmul.o(.text) for __aeabi_lmul
    main.o(i.main) refers to debug.o(i.Init_Debug_Signals) for Init_Debug_Signals
    main.o(i.main) refers to leds.o(i.Init_RGB_LEDs) for Init_RGB_LEDs
    main.o(i.main) refers to leds.o(i.Control_RGB_LEDs) for Control_RGB_LEDs
    main.o(i.main) refers to sound.o(i.Sound_Disable_Amp) for Sound_Disable_Amp
    main.o(i.main) refers to st7789.o(i.LCD_Init) for LCD_Init
    main.o(i.main) refers to lcd_text.o(i.LCD_Text_Init) for LCD_Text_Init
    main.o(i.main) refers to lcd_text.o(i.LCD_Erase) for LCD_Erase
    main.o(i.main) refers to lcd_text.o(i.LCD_Text_PrintStr_RC) for LCD_Text_PrintStr_RC
    main.o(i.main) refers to delay.o(i.Delay) for Delay
    main.o(i.main) refers to control.o(i.Init_Buck_HBLED) for Init_Buck_HBLED
    main.o(i.main) refers to rtx_kernel.o(i.osKernelInitialize) for osKernelInitialize
[...]
    x_pos                                    0x20000414   Data           4  ui.o(.data)
    p1                                       0x20000418   Data           8  ui.o(.data)
    p2                                       0x20000420   Data           8  ui.o(.data)
    p_measure1                               0x20000428   Data           8  ui.o(.data)
    .data                                    0x20000700   Section       20  lcd_text.o(.data)
    .data                                    0x20000714   Section       40  touchscreen.o(.data)
    xl                                       0x20000716   Data           2  touchscreen.o(.data)
    yu                                       0x20000718   Data           2  touchscreen.o(.data)
    .data                                    0x2000073c   Section        3  colors.o(.data)
    .data                                    0x2000073f   Section        3  colors.o(.data)
    .data                                    0x20000742   Section        3  colors.o(.data)
    .data                                    0x20000745   Section        3  colors.o(.data)
    .data                                    0x20000748   Section        3  colors.o(.data)
    .data                                    0x2000074b   Section        3  colors.o(.data)
    .data                                    0x2000074e   Section        3  colors.o(.data)
    .data                                    0x20000751   Section        3  colors.o(.data)
    .data                                    0x20000754   Section        3  colors.o(.data)
    .data                                    0x20000758   Section        4  profile.o(.data)
    .data                                    0x2000075c   Section        4  profile.o(.data)
    .data                                    0x20000760   Section        4  profile.o(.data)
    .data                                    0x20000764   Section        1  profile.o(.data)
    .data                                    0x20000768   Section        4  region.o(.data)
    .data                                    0x2000076c   Section        1  rtx_lib.o(.data)
    os_kernel_active                         0x2000076c   Data           1  rtx_lib.o(.data)
    .data                                    0x2000076d   Section        1  os_systick.o(.data)
    PendST                                   0x2000076d   Data           1  os_systick.o(.data)
    .data                                    0x20000770   Section        4  system_mkl25z4.o(.data)
    .data.os                                 0x20000774   Section      164  rtx_kernel.o(.data.os)
    .bss                                     0x20000818   Section     3840  control.o(.bss)
    .bss                                     0x20001718   Section       96  libspace.o(.bss)
    HEAP                                     0x20001778   Section        0  startup_mkl25z4.o(HEAP)
    STACK                                    0x20001778   Section      768  startup_mkl25z4.o(STACK)
    Heap_Mem                                 0x20001778   Data           0  startup_mkl25z4.o(HEAP)
    Stack_Mem                                0x20001778   Data         768  startup_mkl25z4.o(STACK)
    __initial_sp                             0x20001a78   Data           0  startup_mkl25z4.o(STACK)

    Global Symbols

    Symbol Name                              Value     Ov Type        Size  Object(Section)

    BuildAttributes$$THM_ISAv3M$S$PE$A:L22$X:L11$S22$IEEE1$IW$USESV6$~STKCKD$USESV7$~SHL$OTIME$ROPI$IEEEX$EBA8$UX$STANDARDLIB$REQ8$PRES8$EABIv2 0x00000000   Number         0  anon$$obj.o ABSOLUTE
    __ARM_use_no_argv                        0x00000000   Number         0  main.o ABSOLUTE
    __Vectors                                0x00000000   Data           4  startup_mkl25z4.o(RESET)
    _printf_flags                            0x00000000   Number         0  printf_stubs.o ABSOLUTE
    _printf_return_value                     0x00000000   Number         0  printf_stubs.o ABSOLUTE
    _printf_sizespec                         0x00000000   Number         0  printf_stubs.o ABSOLUTE
    _printf_widthprec                        0x00000000   Number         0  printf_stubs.o ABSOLUTE
    .bss.os.evflags.cb$$Base                  - Undefined Weak Reference
    .bss.os.evflags.cb$$Limit                 - Undefined Weak Reference
    .bss.os.mempool.cb$$Base                  - Undefined Weak Reference
    .bss.os.mempool.cb$$Limit                 - Undefined Weak Reference
    .bss.os.mutex.cb$$Base                    - Undefined Weak Reference
    .bss.os.mutex.cb$$Limit                   - Undefined Weak Reference
    .bss.os.semaphore.cb$$Base                - Undefined Weak Reference
    .bss.os.semaphore.cb$$Limit               - Undefined Weak Reference
    .bss.os.timer.cb$$Base                    - Undefined Weak Reference
    .bss.os.timer.cb$$Limit                   - Undefined Weak Reference
    __ARM_exceptions_init                     - Undefined Weak Reference
    __alloca_initialize                       - Undefined Weak Reference
    __arm_preinit_                            - Undefined Weak Reference
    __cpp_initialize__aeabi_                  - Undefined Weak Reference
    __cxa_finalize                            - Undefined Weak Reference
    __rt_locale                               - Undefined Weak Reference
    __sigvec_lookup                           - Undefined Weak Reference
    _atexit_init                              - Undefined Weak Reference
    _call_atexit_fns                          - Undefined Weak Reference
    _clock_init                               - Undefined Weak Reference
    _fp_trap_init                             - Undefined Weak Reference
    _fp_trap_shutdown                         - Undefined Weak Reference
    _get_lc_collate                           - Undefined Weak Reference
    _get_lc_ctype                             - Undefined Weak Reference
    _get_lc_monetary                          - Undefined Weak Reference
    _get_lc_numeric                           - Undefined Weak Reference
    _get_lc_time                              - Undefined Weak Reference
    _getenv_init                              - Undefined Weak Reference
    _handle_redirection                       - Undefined Weak Reference
    _init_alloc                               - Undefined Weak Reference
    _init_user_alloc                          - Undefined Weak Reference
    _initio                                   - Undefined Weak Reference
    _printf_mbtowc                            - Undefined Weak Reference
    _printf_truncate_signed                   - Undefined Weak Reference
    _printf_truncate_unsigned                 - Undefined Weak Reference
    _rand_init                                - Undefined Weak Reference
    _signal_finish                            - Undefined Weak Reference
    _signal_init                              - Undefined Weak Reference
    _terminate_alloc                          - Undefined Weak Reference
    _terminate_user_alloc                     - Undefined Weak Reference
    _terminateio                              - Undefined Weak Reference
    __Vectors_End                            0x000000c0   Data           0  startup_mkl25z4.o(RESET)
    __Vectors_Size                           0x000000c0   Number         0  startup_mkl25z4.o ABSOLUTE
    __main                                   0x000000c1   Thumb Code     8  __main.o(!!!main)
    __scatterload                            0x000000c9   Thumb Code     0  __scatter.o(!!!scatter)
    __scatterload_rt2                        0x000000c9   Thumb Code    52  __scatter.o(!!!scatter)
    __scatterload_rt2_thumb_only             0x000000c9   Thumb Code     0  __scatter.o(!!!scatter)
    __scatterload_null                       0x000000d9   Thumb Code     0  __scatter.o(!!!scatter)
    __scatterload_zeroinit                   0x00000105   Thumb Code    28  __scatter_zi.o(!!handler_zi)
    _printf_percent                          0x00000121   Thumb Code     0  _printf_percent.o(.ARM.Collect$$_printf_percent$$00000000)
    _printf_d                                0x00000123   Thumb Code     0  _printf_d.o(.ARM.Collect$$_printf_percent$$00000009)
    _printf_s                                0x0000012d   Thumb Code     0  _printf_s.o(.ARM.Collect$$_printf_percent$$00000014)
    _printf_percent_end                      0x00000137   Thumb Code     0  _printf_percent_end.o(.ARM.Collect$$_printf_percent$$00000017)
    __rt_lib_init                            0x0000013b   Thumb Code     0  libinit.o(.ARM.Collect$$libinit$$00000000)
    __rt_lib_init_alloca_1                   0x0000013d   Thumb Code     0  libinit2.o(.ARM.Collect$$libinit$$0000002E)
    __rt_lib_init_argv_1                     0x0000013d   Thumb Code     0  libinit2.o(.ARM.Collect$$libinit$$0000002C)
    __rt_lib_init_atexit_1                   0x0000013d   Thumb Code     0  libinit2.o(.ARM.Collect$$libinit$$0000001B)
    __rt_lib_init_clock_1                    0x0000013d   Thumb Code     0  libinit2.o(.ARM.Collect$$libinit$$00000021)
    __rt_lib_init_cpp_1                      0x0000013d   Thumb Code     0  libinit2.o(.ARM.Collect$$libinit$$00000032)
    __rt_lib_init_exceptions_1               0x0000013d   Thumb Code     0  libinit2.o(.ARM.Collect$$libinit$$00000030)
    __rt_lib_init_fp_1                       0x0000013d   Thumb Code     0  libinit2.o(.ARM.Collect$$libinit$$00000002)
    __rt_lib_init_fp_trap_1                  0x0000013d   Thumb Code     0  libinit2.o(.ARM.Collect$$libinit$$0000001F)
    __rt_lib_init_getenv_1                   0x0000013d   Thumb Code     0  libinit2.o(.ARM.Collect$$libinit$$00000023)
    __rt_lib_init_heap_1                     0x0000013d   Thumb Code     0  libinit2.o(.ARM.Collect$$libinit$$0000000A)
    __rt_lib_init_lc_collate_1               0x0000013d   Thumb Code     0  libinit2.o(.ARM.Collect$$libinit$$00000011)
    __rt_lib_init_lc_ctype_1                 0x0000013d   Thumb Code     0  libinit2.o(.ARM.Collect$$libinit$$00000013)
    __rt_lib_init_lc_monetary_1              0x0000013d   Thumb Code     0  libinit2.o(.ARM.Collect$$libinit$$00000015)
    __rt_lib_init_lc_numeric_1               0x0000013d   Thumb Code     0  libinit2.o(.ARM.Collect$$libinit$$00000017)
    __rt_lib_init_lc_time_1                  0x0000013d   Thumb Code     0  libinit2.o(.ARM.Collect$$libinit$$00000019)
    __rt_lib_init_preinit_1                  0x0000013d   Thumb Code     0  libinit2.o(.ARM.Collect$$libinit$$00000004)
    __rt_lib_init_rand_1                     0x0000013d   Thumb Code     0  libinit2.o(.ARM.Collect$$libinit$$0000000E)
    __rt_lib_init_return                     0x0000013d   Thumb Code     0  libinit2.o(.ARM.Collect$$libinit$$00000033)
    __rt_lib_init_signal_1                   0x0000013d   Thumb Code     0  libinit2.o(.ARM.Collect$$libinit$$0000001D)
    __rt_lib_init_stdio_1                    0x0000013d   Thumb Code     0  libinit2.o(.ARM.Collect$$libinit$$00000025)
    __rt_lib_init_user_alloc_1               0x0000013d   Thumb Code     0  libinit2.o(.ARM.Collect$$libinit$$0000000C)
    __rt_lib_shutdown                        0x0000013f   Thumb Code     0  libshutdown.o(.ARM.Collect$$libshutdown$$00000000)
    __rt_lib_shutdown_cpp_1                  0x00000141   Thumb Code     0  libshutdown2.o(.ARM.Collect$$libshutdown$$00000002)
    __rt_lib_shutdown_fp_trap_1              0x00000141   Thumb Code     0  libshutdown2.o(.ARM.Collect$$libshutdown$$00000007)
    __rt_lib_shutdown_heap_1                 0x00000141   Thumb Code     0  libshutdown2.o(.ARM.Collect$$libshutdown$$0000000F)
    __rt_lib_shutdown_return                 0x00000141   Thumb Code     0  libshutdown2.o(.ARM.Collect$$libshutdown$$00000010)
    __rt_lib_shutdown_signal_1               0x00000141   Thumb Code     0  libshutdown2.o(.ARM.Collect$$libshutdown$$0000000A)
    __rt_lib_shutdown_stdio_1                0x00000141   Thumb Code     0  libshutdown2.o(.ARM.Collect$$libshutdown$$00000004)
    __rt_lib_shutdown_user_alloc_1           0x00000141   Thumb Code     0  libshutdown2.o(.ARM.Collect$$libshutdown$$0000000C)
    __rt_entry                               0x00000143   Thumb Code     0  __rtentry.o(.ARM.Collect$$rtentry$$00000000)
    __rt_entry_presh_1                       0x00000143   Thumb Code     0  __rtentry2.o(.ARM.Collect$$rtentry$$00000002)
    __rt_entry_sh                            0x00000143   Thumb Code     0  __rtentry4.o(.ARM.Collect$$rtentry$$00000004)
    __rt_entry_postsh_1                      0x00000149   Thumb Code     0  __rtentry2.o(.ARM.Collect$$rtentry$$00000008)
    __rt_entry_li                            0x00000151   Thumb Code     0  __rtentry2.o(.ARM.Collect$$rtentry$$0000000A)
    __rt_entry_main                          0x00000155   Thumb Code     0  __rtentry2.o(.ARM.Collect$$rtentry$$0000000D)
    __rt_entry_postli_1                      0x00000155   Thumb Code     0  __rtentry2.o(.ARM.Collect$$rtentry$$0000000C)
    __rt_exit                                0x0000015d   Thumb Code     0  rtexit.o(.ARM.Collect$$rtexit$$00000000)
    __rt_exit_ls                             0x0000015f   Thumb Code     0  rtexit2.o(.ARM.Collect$$rtexit$$00000003)
    __rt_exit_prels_1                        0x0000015f   Thumb Code     0  rtexit2.o(.ARM.Collect$$rtexit$$00000002)
    __rt_exit_exit                           0x00000163   Thumb Code     0  rtexit2.o(.ARM.Collect$$rtexit$$00000004)
    __aeabi_memcpy4                          0x00000169   Thumb Code    56  rt_memcpy.o(.emb_text)
    __aeabi_memcpy8                          0x00000169   Thumb Code     0  rt_memcpy.o(.emb_text)
    SVC_Handler                              0x000001a1   Thumb Code   132  irq_cm0.o(.text)
    PendSV_Handler                           0x00000225   Thumb Code    12  irq_cm0.o(.text)
    SysTick_Handler                          0x00000231   Thumb Code    12  irq_cm0.o(.text)
    Reset_Handler                            0x00000245   Thumb Code    12  startup_mkl25z4.o(.text)
    NMI_Handler                              0x00000251   Thumb Code     2  startup_mkl25z4.o(.text)
    HardFault_Handler                        0x00000253   Thumb Code     2  startup_mkl25z4.o(.text)
    CMP0_IRQHandler                          0x0000025b   Thumb Code     0  startup_mkl25z4.o(.text)
    DAC0_IRQHandler                          0x0000025b   Thumb Code     0  startup_mkl25z4.o(.text)
    DMA1_IRQHandler                          0x0000025b   Thumb Code     0  startup_mkl25z4.o(.text)
    DMA2_IRQHandler                          0x0000025b   Thumb Code     0  startup_mkl25z4.o(.text)
    DMA3_IRQHandler                          0x0000025b   Thumb Code     0  startup_mkl25z4.o(.text)
    DefaultISR                               0x0000025b   Thumb Code     0  startup_mkl25z4.o(.text)
    FTFA_IRQHandler                          0x0000025b   Thumb Code     0  startup_mkl25z4.o(.text)
    I2C0_IRQHandler                          0x0000025b   Thumb Code     0  startup_mkl25z4.o(.text)
    I2C1_IRQHandler                          0x0000025b   Thumb Code     0  startup_mkl25z4.o(.text)
    LLWU_IRQHandler                          0x0000025b   Thumb Code     0  startup_mkl25z4.o(.text)
    LPTMR0_IRQHandler                        0x0000025b   Thumb Code     0  startup_mkl25z4.o(.text)
    LVD_LVW_IRQHandler                       0x0000025b   Thumb Code     0  startup_mkl25z4.o(.text)
    MCG_IRQHandler                           0x0000025b   Thumb Code     0  startup_mkl25z4.o(.text)
    PORTA_IRQHandler                         0x0000025b   Thumb Code     0  startup_mkl25z4.o(.text)
    PORTD_IRQHandler                         0x0000025b   Thumb Code     0  startup_mkl25z4.o(.text)
    RTC_IRQHandler                           0x0000025b   Thumb Code     0  startup_mkl25z4.o(.text)
    RTC_Seconds_IRQHandler                   0x0000025b   Thumb Code     0  startup_mkl25z4.o(.text)
    Reserved20_IRQHandler                    0x0000025b   Thumb Code     0  startup_mkl25z4.o(.text)
    Reserved39_IRQHandler                    0x0000025b   Thumb Code     0  startup_mkl25z4.o(.text)
    Reserved45_IRQHandler                    0x0000025b   Thumb Code     0  startup_mkl25z4.o(.text)
    SPI0_IRQHandler                          0x0000025b   Thumb Code     0  startup_mkl25z4.o(.text)
    SPI1_IRQHandler                          0x0000025b   Thumb Code     0  startup_mkl25z4.o(.text)
    TPM1_IRQHandler                          0x0000025b   Thumb Code     0  startup_mkl25z4.o(.text)
    TPM2_IRQHandler                          0x0000025b   Thumb Code     0  startup_mkl25z4.o(.text)
    TSI0_IRQHandler                          0x0000025b   Thumb Code     0  startup_mkl25z4.o(.text)
    UART0_IRQHandler                         0x0000025b   Thumb Code     0  startup_mkl25z4.o(.text)
    UART1_IRQHandler                         0x0000025b   Thumb Code     0  startup_mkl25z4.o(.text)
    UART2_IRQHandler                         0x0000025b   Thumb Code     0  startup_mkl25z4.o(.text)
    USB0_IRQHandler                          0x0000025b   Thumb Code     0  startup_mkl25z4.o(.text)
    __user_initial_stackheap                 0x00000261   Thumb Code     0  startup_mkl25z4.o(.text)
    __aeabi_lmul                             0x00000285   Thumb Code    48  llmul.o(.text)
    _ll_mul                                  0x00000285   Thumb Code     0  llmul.o(.text)
    __2snprintf                              0x000002b5   Thumb Code    50  noretval__2snprintf.o(.text)
    _printf_pre_padding                      0x000002ed   Thumb Code    44  _printf_pad.o(.text)
    _printf_post_padding                     0x00000319   Thumb Code    34  _printf_pad.o(.text)
    _printf_str                              0x0000033b   Thumb Code    82  _printf_str.o(.text)
    _printf_int_dec                          0x0000038d   Thumb Code    90  _printf_dec.o(.text)
    __use_two_region_memory                  0x000003f9   Thumb Code     2  heapauxi.o(.text)
    __rt_heap_escrow$2region                 0x000003fb   Thumb Code     2  heapauxi.o(.text)
    __rt_heap_expand$2region                 0x000003fd   Thumb Code     2  heapauxi.o(.text)
    __I$use$semihosting                      0x000003ff   Thumb Code     0  use_no_semi.o(.text)
    __use_no_semihosting_swi                 0x000003ff   Thumb Code     2  use_no_semi.o(.text)
    __printf                                 0x00000411   Thumb Code   270  __printf_wp.o(.text)
    strlen                                   0x00000521   Thumb Code    62  strlen.o(.text)
    __aeabi_memcpy                           0x00000565   Thumb Code   130  rt_memcpy.o(.text)
    __rt_memcpy                              0x00000565   Thumb Code     0  rt_memcpy.o(.text)
    _memset_w                                0x000005e7   Thumb Code    26  rt_memclr.o(.text)
    _memset                                  0x00000601   Thumb Code    30  rt_memclr.o(.text)
    __aeabi_memclr                           0x0000061f   Thumb Code     4  rt_memclr.o(.text)
    __rt_memclr                              0x0000061f   Thumb Code     0  rt_memclr.o(.text)
    __aeabi_memclr4                          0x00000623   Thumb Code     0  rt_memclr.o(.text)
    __aeabi_memclr8                          0x00000623   Thumb Code     0  rt_memclr.o(.text)
    __rt_memclr_w                            0x00000623   Thumb Code     4  rt_memclr.o(.text)
    __aeabi_uidiv                            0x00000627   Thumb Code     0  aeabi_sdivfast.o(.text)
    __aeabi_uidivmod                         0x00000627   Thumb Code    28  aeabi_sdivfast.o(.text)
    __aeabi_idiv                             0x00000643   Thumb Code     0  aeabi_sdivfast.o(.text)
    __aeabi_idivmod                          0x00000643   Thumb Code   460  aeabi_sdivfast.o(.text)
    __aeabi_f2iz                             0x0000080f   Thumb Code     0  ffixi.o(.text)
    _ffix                                    0x0000080f   Thumb Code    76  ffixi.o(.text)
    __aeabi_f2uiz                            0x0000085b   Thumb Code     0  ffixui.o(.text)
    _ffixu                                   0x0000085b   Thumb Code    48  ffixui.o(.text)
    __aeabi_i2f_normalise                    0x0000088b   Thumb Code    72  fflti.o(.text)
    __aeabi_i2f                              0x000008d3   Thumb Code    16  fflti.o(.text)
    _fflt                                    0x000008d3   Thumb Code     0  fflti.o(.text)
    __aeabi_ui2f                             0x000008e3   Thumb Code     6  fflti.o(.text)
    _ffltu                                   0x000008e3   Thumb Code     0  fflti.o(.text)
    _printf_int_common                       0x000008e9   Thumb Code   176  _printf_intcommon.o(.text)
    _printf_char_common                      0x000009a3   Thumb Code    32  _printf_char_common.o(.text)
    _sputc                                   0x000009c9   Thumb Code    10  _sputc.o(.text)
    _snputc                                  0x000009d3   Thumb Code    16  _snputc.o(.text)
    _printf_cs_common                        0x000009e3   Thumb Code    22  _printf_char.o(.text)
    _printf_char                             0x000009f9   Thumb Code    16  _printf_char.o(.text)
    _printf_string                           0x00000a09   Thumb Code     8  _printf_char.o(.text)
    __rt_udiv10                              0x00000a11   Thumb Code    40  rtudiv10.o(.text)
    __fpl_fcmp_InfNaN                        0x00000a39   Thumb Code    96  fcmpin.o(.text)
    __fpl_cmpreturn                          0x00000a9d   Thumb Code    46  cmpret.o(.text)
    __fpl_fcheck_NaN2                        0x00000acd   Thumb Code    10  fnan2.o(.text)
    __user_libspace                          0x00000add   Thumb Code     8  libspace.o(.text)
    __user_perproc_libspace                  0x00000add   Thumb Code     0  libspace.o(.text)
    __user_setup_stackheap                   0x00000ae5   Thumb Code    62  sys_stackheap_outer.o(.text)
    exit                                     0x00000b23   Thumb Code    16  exit.o(.text)
    __fpl_return_NaN                         0x00000b33   Thumb Code    94  retnan.o(.text)
    _sys_exit                                0x00000b91   Thumb Code     8  sys_exit.o(.text)
    __decompress                             0x00000b9d   Thumb Code     0  __dczerorl2.o(.text)
    __decompress1                            0x00000b9d   Thumb Code    86  __dczerorl2.o(.text)
    __semihosting_library_function           0x00000b9d   Thumb Code     0  indicate_semi.o(.text)
    ADC0_IRQHandler                          0x00000bf5   Thumb Code   206  control.o(i.ADC0_IRQHandler)
    Add_FX                                   0x00000ce9   Thumb Code     4  fx.o(i.Add_FX)
    Control_DutyCycle_Handler                0x00000ced   Thumb Code    58  control.o(i.Control_DutyCycle_Handler)
    Control_HBLED                            0x00000d31   Thumb Code   460  control.o(i.Control_HBLED)
    Control_IntNonNegative_Handler           0x00000f21   Thumb Code    28  control.o(i.Control_IntNonNegative_Handler)
    Control_OnOff_Handler                    0x00000f3d   Thumb Code    20  control.o(i.Control_OnOff_Handler)
    Control_RGB_LEDs                         0x00000f51   Thumb Code    52  leds.o(i.Control_RGB_LEDs)
    Create_OS_Objects                        0x00000f8d   Thumb Code    74  threads.o(i.Create_OS_Objects)
    DMA0_IRQHandler                          0x00000ff9   Thumb Code   102  dma.o(i.DMA0_IRQHandler)
    Delay                                    0x0000107d   Thumb Code    20  delay.o(i.Delay)
    EvrRtxDelay                              0x00001095   Thumb Code     2  rtx_evr.o(i.EvrRtxDelay)
    EvrRtxDelayCompleted                     0x00001097   Thumb Code     2  rtx_evr.o(i.EvrRtxDelayCompleted)
    EvrRtxDelayError                         0x00001099   Thumb Code     2  rtx_evr.o(i.EvrRtxDelayError)
    EvrRtxDelayStarted                       0x0000109b   Thumb Code     2  rtx_evr.o(i.EvrRtxDelayStarted)
    EvrRtxEventFlagsWaitTimeout              0x0000109d   Thumb Code     2  rtx_evr.o(i.EvrRtxEventFlagsWaitTimeout)
    EvrRtxKernelError                        0x0000109f   Thumb Code     2  rtx_evr.o(i.EvrRtxKernelError)
    EvrRtxKernelGetState                     0x000010a1   Thumb Code     2  rtx_evr.o(i.EvrRtxKernelGetState)
    EvrRtxKernelInitialize                   0x000010a3   Thumb Code     2  rtx_evr.o(i.EvrRtxKernelInitialize)
    EvrRtxKernelInitialized                  0x000010a5   Thumb Code     2  rtx_evr.o(i.EvrRtxKernelInitialized)
    EvrRtxKernelStart                        0x000010a7   Thumb Code     2  rtx_evr.o(i.EvrRtxKernelStart)
    EvrRtxKernelStarted                      0x000010a9   Thumb Code     2  rtx_evr.o(i.EvrRtxKernelStarted)
    EvrRtxMemoryAlloc                        0x000010ab   Thumb Code     2  rtx_evr.o(i.EvrRtxMemoryAlloc)
    EvrRtxMemoryBlockAlloc                   0x000010ad   Thumb Code     2  rtx_evr.o(i.EvrRtxMemoryBlockAlloc)
    EvrRtxMemoryBlockFree                    0x000010af   Thumb Code     2  rtx_evr.o(i.EvrRtxMemoryBlockFree)
    EvrRtxMemoryBlockInit                    0x000010b1   Thumb Code     2  rtx_evr.o(i.EvrRtxMemoryBlockInit)
    EvrRtxMemoryFree                         0x000010b3   Thumb Code     2  rtx_evr.o(i.EvrRtxMemoryFree)
    EvrRtxMemoryInit                         0x000010b5   Thumb Code     2  rtx_evr.o(i.EvrRtxMemoryInit)
    EvrRtxMemoryPoolAllocTimeout             0x000010b7   Thumb Code     2  rtx_evr.o(i.EvrRtxMemoryPoolAllocTimeout)
    EvrRtxMessageQueueCreated                0x000010b9   Thumb Code     2  rtx_evr.o(i.EvrRtxMessageQueueCreated)
    EvrRtxMessageQueueError                  0x000010bb   Thumb Code     2  rtx_evr.o(i.EvrRtxMessageQueueError)
    EvrRtxMessageQueueGet                    0x000010bd   Thumb Code     2  rtx_evr.o(i.EvrRtxMessageQueueGet)
    EvrRtxMessageQueueGetCount               0x000010bf   Thumb Code     2  rtx_evr.o(i.EvrRtxMessageQueueGetCount)
    EvrRtxMessageQueueGetPending             0x000010c1   Thumb Code     2  rtx_evr.o(i.EvrRtxMessageQueueGetPending)
    EvrRtxMessageQueueGetTimeout             0x000010c3   Thumb Code     2  rtx_evr.o(i.EvrRtxMessageQueueGetTimeout)
    EvrRtxMessageQueueInsertPending          0x000010c5   Thumb Code     2  rtx_evr.o(i.EvrRtxMessageQueueInsertPending)
    EvrRtxMessageQueueInserted               0x000010c7   Thumb Code     2  rtx_evr.o(i.EvrRtxMessageQueueInserted)
    EvrRtxMessageQueueNew                    0x000010c9   Thumb Code     2  rtx_evr.o(i.EvrRtxMessageQueueNew)
    EvrRtxMessageQueueNotInserted            0x000010cb   Thumb Code     2  rtx_evr.o(i.EvrRtxMessageQueueNotInserted)
    EvrRtxMessageQueueNotRetrieved           0x000010cd   Thumb Code     2  rtx_evr.o(i.EvrRtxMessageQueueNotRetrieved)
    EvrRtxMessageQueuePut                    0x000010cf   Thumb Code     2  rtx_evr.o(i.EvrRtxMessageQueuePut)
    EvrRtxMessageQueuePutPending             0x000010d1   Thumb Code     2  rtx_evr.o(i.EvrRtxMessageQueuePutPending)
    EvrRtxMessageQueuePutTimeout             0x000010d3   Thumb Code     2  rtx_evr.o(i.EvrRtxMessageQueuePutTimeout)
    EvrRtxMessageQueueRetrieved              0x000010d5   Thumb Code     2  rtx_evr.o(i.EvrRtxMessageQueueRetrieved)
    EvrRtxMutexAcquire                       0x000010d7   Thumb Code     2  rtx_evr.o(i.EvrRtxMutexAcquire)
    EvrRtxMutexAcquirePending                0x000010d9   Thumb Code     2  rtx_evr.o(i.EvrRtxMutexAcquirePending)
    EvrRtxMutexAcquireTimeout                0x000010db   Thumb Code     2  rtx_evr.o(i.EvrRtxMutexAcquireTimeout)
    EvrRtxMutexAcquired                      0x000010dd   Thumb Code     2  rtx_evr.o(i.EvrRtxMutexAcquired)
    EvrRtxMutexCreated                       0x000010df   Thumb Code     2  rtx_evr.o(i.EvrRtxMutexCreated)
    EvrRtxMutexDelete                        0x000010e1   Thumb Code     2  rtx_evr.o(i.EvrRtxMutexDelete)
    EvrRtxMutexDestroyed                     0x000010e3   Thumb Code     2  rtx_evr.o(i.EvrRtxMutexDestroyed)
    EvrRtxMutexError                         0x000010e5   Thumb Code     2  rtx_evr.o(i.EvrRtxMutexError)
    EvrRtxMutexNew                           0x000010e7   Thumb Code     2  rtx_evr.o(i.EvrRtxMutexNew)
    EvrRtxMutexNotAcquired                   0x000010e9   Thumb Code     2  rtx_evr.o(i.EvrRtxMutexNotAcquired)
    EvrRtxMutexRelease                       0x000010eb   Thumb Code     2  rtx_evr.o(i.EvrRtxMutexRelease)
    EvrRtxMutexReleased                      0x000010ed   Thumb Code     2  rtx_evr.o(i.EvrRtxMutexReleased)
    EvrRtxSemaphoreAcquireTimeout            0x000010ef   Thumb Code     2  rtx_evr.o(i.EvrRtxSemaphoreAcquireTimeout)
    EvrRtxThreadBlocked                      0x000010f1   Thumb Code     2  rtx_evr.o(i.EvrRtxThreadBlocked)
    EvrRtxThreadCreated                      0x000010f3   Thumb Code     2  rtx_evr.o(i.EvrRtxThreadCreated)
    EvrRtxThreadDestroyed                    0x000010f5   Thumb Code     2  rtx_evr.o(i.EvrRtxThreadDestroyed)
    EvrRtxThreadError                        0x000010f7   Thumb Code     2  rtx_evr.o(i.EvrRtxThreadError)
    EvrRtxThreadExit                         0x000010f9   Thumb Code     2  rtx_evr.o(i.EvrRtxThreadExit)
    EvrRtxThreadFlagsError                   0x000010fb   Thumb Code     2  rtx_evr.o(i.EvrRtxThreadFlagsError)
    EvrRtxThreadFlagsSet                     0x000010fd   Thumb Code     2  rtx_evr.o(i.EvrRtxThreadFlagsSet)
    EvrRtxThreadFlagsSetDone                 0x000010ff   Thumb Code     2  rtx_evr.o(i.EvrRtxThreadFlagsSetDone)
    EvrRtxThreadFlagsWaitCompleted           0x00001101   Thumb Code     2  rtx_evr.o(i.EvrRtxThreadFlagsWaitCompleted)
    EvrRtxThreadFlagsWaitTimeout             0x00001103   Thumb Code     2  rtx_evr.o(i.EvrRtxThreadFlagsWaitTimeout)
    EvrRtxThreadJoined                       0x00001105   Thumb Code     2  rtx_evr.o(i.EvrRtxThreadJoined)
    EvrRtxThreadNew                          0x00001107   Thumb Code     2  rtx_evr.o(i.EvrRtxThreadNew)
    EvrRtxThreadPreempted                    0x00001109   Thumb Code     2  rtx_evr.o(i.EvrRtxThreadPreempted)
    EvrRtxThreadSwitched                     0x0000110b   Thumb Code     2  rtx_evr.o(i.EvrRtxThreadSwitched)
    EvrRtxThreadUnblocked                    0x0000110d   Thumb Code     2  rtx_evr.o(i.EvrRtxThreadUnblocked)
    EvrRtxTimerCallback                      0x0000110f   Thumb Code     2  rtx_evr.o(i.EvrRtxTimerCallback)
    Init_ADC_HBLED                           0x00001111   Thumb Code    78  control.o(i.Init_ADC_HBLED)
    Init_Buck_HBLED                          0x00001175   Thumb Code   110  control.o(i.Init_Buck_HBLED)
    Init_Debug_Signals                       0x000011fd   Thumb Code   158  debug.o(i.Init_Debug_Signals)
    Init_RGB_LEDs                            0x000012b5   Thumb Code    82  leds.o(i.Init_RGB_LEDs)
    LCD_Draw_Line                            0x0000136d   Thumb Code   564  lcd_graphics.o(i.LCD_Draw_Line)
    LCD_Erase                                0x000015a1   Thumb Code    10  lcd_text.o(i.LCD_Erase)
    LCD_Fill_Buffer                          0x000015b1   Thumb Code   130  st7789.o(i.LCD_Fill_Buffer)
    LCD_Fill_Rectangle                       0x00001633   Thumb Code   202  st7789.o(i.LCD_Fill_Rectangle)
    LCD_GPIO_Init                            0x000016fd   Thumb Code   294  st7789.o(i.LCD_GPIO_Init)
    LCD_Init                                 0x00001839   Thumb Code   178  st7789.o(i.LCD_Init)
    LCD_Plot_Pixel                           0x00001905   Thumb Code   114  st7789.o(i.LCD_Plot_Pixel)
    LCD_Start_Rectangle                      0x00001977   Thumb Code   150  st7789.o(i.LCD_Start_Rectangle)
    LCD_TS_Init                              0x00001a0d   Thumb Code    24  touchscreen.o(i.LCD_TS_Init)
    LCD_TS_Read                              0x00001a2d   Thumb Code   466  touchscreen.o(i.LCD_TS_Read)
    LCD_Text_Init                            0x00001c1d   Thumb Code    42  lcd_text.o(i.LCD_Text_Init)
    LCD_Text_PrintChar                       0x00001c59   Thumb Code   412  lcd_text.o(i.LCD_Text_PrintChar)
    LCD_Text_PrintStr_RC                     0x00001e01   Thumb Code    82  lcd_text.o(i.LCD_Text_PrintStr_RC)
    LCD_Text_Set_Colors                      0x00001e59   Thumb Code    30  lcd_text.o(i.LCD_Text_Set_Colors)
    LCD_Write_Rectangle_Pixel                0x00001e81   Thumb Code    50  st7789.o(i.LCD_Write_Rectangle_Pixel)
    Multiply_FX                              0x00001f09   Thumb Code    22  fx.o(i.Multiply_FX)
    OS_Tick_AcknowledgeIRQ                   0x00001f21   Thumb Code     6  os_systick.o(i.OS_Tick_AcknowledgeIRQ)
    OS_Tick_Enable                           0x00001f2d   Thumb Code    32  os_systick.o(i.OS_Tick_Enable)
    OS_Tick_GetIRQn                          0x00001f59   Thumb Code     6  os_systick.o(i.OS_Tick_GetIRQn)
    OS_Tick_Setup                            0x00001f61   Thumb Code    62  os_systick.o(i.OS_Tick_Setup)
    PIT_IRQHandler                           0x00001fb1   Thumb Code   130  timers.o(i.PIT_IRQHandler)
    PWM_Init                                 0x00002059   Thumb Code   122  timers.o(i.PWM_Init)
    PWM_Set_Value                            0x000020e5   Thumb Code     8  timers.o(i.PWM_Set_Value)
    Sound_Disable_Amp                        0x000020ed   Thumb Code    10  sound.o(i.Sound_Disable_Amp)
    Subtract_FX                              0x000020fd   Thumb Code     4  fx.o(i.Subtract_FX)
    SystemInit                               0x00002101   Thumb Code   184  system_mkl25z4.o(i.SystemInit)
    TPM0_IRQHandler                          0x000021e9   Thumb Code    44  timers.o(i.TPM0_IRQHandler)
    TPM0_Start                               0x00002225   Thumb Code    12  timers.o(i.TPM0_Start)
    Thread_Buck_Update_Setpoint              0x00002235   Thumb Code    12  threads.o(i.Thread_Buck_Update_Setpoint)
    Thread_Read_TS                           0x00002241   Thumb Code    34  threads.o(i.Thread_Read_TS)
    Thread_Update_Screen                     0x00002269   Thumb Code    30  threads.o(i.Thread_Update_Screen)
    UI_Draw_Screen                           0x0000228d   Thumb Code   338  ui.o(i.UI_Draw_Screen)
    UI_Draw_set_current                      0x00002409   Thumb Code   508  ui.o(i.UI_Draw_set_current)
    UI_Identify_Field                        0x00002621   Thumb Code   138  ui.o(i.UI_Identify_Field)
    UI_Process_Touch                         0x000026bd   Thumb Code   260  ui.o(i.UI_Process_Touch)
    UI_Update_Field_Values                   0x000027d1   Thumb Code    66  ui.o(i.UI_Update_Field_Values)
    Update_Set_Current                       0x00002821   Thumb Code   118  control.o(i.Update_Set_Current)
    _is_digit                                0x000028a5   Thumb Code    14  __printf_wp.o(i._is_digit)
    _mutex_acquire                           0x000028b5   Thumb Code    44  rtx_lib.o(i._mutex_acquire)
    _mutex_free                              0x000028e5   Thumb Code    10  rtx_lib.o(i._mutex_free)
    _mutex_initialize                        0x000028ef   Thumb Code    34  rtx_lib.o(i._mutex_initialize)
    _mutex_release                           0x00002911   Thumb Code    40  rtx_lib.o(i._mutex_release)
    _platform_post_stackheap_init            0x0000293d   Thumb Code     8  rtx_lib.o(i._platform_post_stackheap_init)
    main                                     0x00002945   Thumb Code    82  main.o(i.main)
    osDelay                                  0x000029a5   Thumb Code    46  rtx_delay.o(i.osDelay)
    osKernelGetState                         0x000029d9   Thumb Code    50  rtx_kernel.o(i.osKernelGetState)
    osKernelInitialize                       0x00002a15   Thumb Code    46  rtx_kernel.o(i.osKernelInitialize)
    osKernelStart                            0x00002a49   Thumb Code    42  rtx_kernel.o(i.osKernelStart)
    osMessageQueueGet                        0x00002a79   Thumb Code   204  rtx_msgqueue.o(i.osMessageQueueGet)
    osMessageQueueGetCount                   0x00002b49   Thumb Code    58  rtx_msgqueue.o(i.osMessageQueueGetCount)
    osMessageQueueNew                        0x00002b89   Thumb Code    54  rtx_msgqueue.o(i.osMessageQueueNew)
    osMessageQueuePut                        0x00002bc5   Thumb Code   148  rtx_msgqueue.o(i.osMessageQueuePut)
    osMutexAcquire                           0x00002c5d   Thumb Code    52  rtx_mutex.o(i.osMutexAcquire)
    osMutexDelete                            0x00002c95   Thumb Code    48  rtx_mutex.o(i.osMutexDelete)
    osMutexNew                               0x00002cc9   Thumb Code    46  rtx_mutex.o(i.osMutexNew)
    osMutexRelease                           0x00002cfd   Thumb Code    48  rtx_mutex.o(i.osMutexRelease)
    osRtxErrorNotify                         0x00002d31   Thumb Code     2  rtx_config.o(i.osRtxErrorNotify)
    osRtxIdleThread                          0x00002d35   Thumb Code    10  rtx_config.o(i.osRtxIdleThread)
    osRtxKernelPreInit                       0x00002d45   Thumb Code     2  rtx_kernel.o(i.osRtxKernelPreInit)
    osRtxMemoryAlloc                         0x00002d47   Thumb Code   128  rtx_memory.o(i.osRtxMemoryAlloc)
    osRtxMemoryFree                          0x00002dc7   Thumb Code    82  rtx_memory.o(i.osRtxMemoryFree)
    osRtxMemoryInit                          0x00002e19   Thumb Code    62  rtx_memory.o(i.osRtxMemoryInit)
    osRtxMemoryPoolAlloc                     0x00002e57   Thumb Code    58  rtx_mempool.o(i.osRtxMemoryPoolAlloc)
    osRtxMemoryPoolFree                      0x00002e91   Thumb Code    66  rtx_mempool.o(i.osRtxMemoryPoolFree)
    osRtxMemoryPoolInit                      0x00002ed5   Thumb Code   104  rtx_mempool.o(i.osRtxMemoryPoolInit)
    osRtxMutexOwnerRelease                   0x00003037   Thumb Code    88  rtx_mutex.o(i.osRtxMutexOwnerRelease)
    osRtxPendSV_Handler                      0x00003091   Thumb Code   114  rtx_system.o(i.osRtxPendSV_Handler)
    osRtxPostProcess                         0x00003109   Thumb Code    96  rtx_system.o(i.osRtxPostProcess)
    osRtxThreadDelayTick                     0x000031c9   Thumb Code   310  rtx_thread.o(i.osRtxThreadDelayTick)
    osRtxThreadDispatch                      0x00003309   Thumb Code   232  rtx_thread.o(i.osRtxThreadDispatch)
    osRtxThreadListGet                       0x00003445   Thumb Code    22  rtx_thread.o(i.osRtxThreadListGet)
    osRtxThreadListPut                       0x0000345b   Thumb Code    40  rtx_thread.o(i.osRtxThreadListPut)
    osRtxThreadListRemove                    0x00003483   Thumb Code    26  rtx_thread.o(i.osRtxThreadListRemove)
    osRtxThreadListSort                      0x0000349d   Thumb Code    80  rtx_thread.o(i.osRtxThreadListSort)
    osRtxThreadReadyPut                      0x00003569   Thumb Code    50  rtx_thread.o(i.osRtxThreadReadyPut)
    osRtxThreadRegPtr                        0x000035a1   Thumb Code     6  rtx_thread.o(i.osRtxThreadRegPtr)
    osRtxThreadStackCheck                    0x000035a9   Thumb Code    36  rtx_thread.o(i.osRtxThreadStackCheck)
    osRtxThreadStartup                       0x000035d5   Thumb Code    48  rtx_thread.o(i.osRtxThreadStartup)
    osRtxThreadSwitch                        0x00003615   Thumb Code    24  rtx_thread.o(i.osRtxThreadSwitch)
    osRtxThreadWaitEnter                     0x00003631   Thumb Code   166  rtx_thread.o(i.osRtxThreadWaitEnter)
    osRtxThreadWaitExit                      0x000036dd   Thumb Code    84  rtx_thread.o(i.osRtxThreadWaitExit)
    osRtxTick_Handler                        0x00003735   Thumb Code   116  rtx_system.o(i.osRtxTick_Handler)
    osRtxTimerThread                         0x000037ad   Thumb Code    58  rtx_timer.o(i.osRtxTimerThread)
    osThreadExit                             0x00003881   Thumb Code    20  rtx_thread.o(i.osThreadExit)
    osThreadFlagsSet                         0x00003899   Thumb Code   122  rtx_thread.o(i.osThreadFlagsSet)
    osThreadNew                              0x00003919   Thumb Code    54  rtx_thread.o(i.osThreadNew)
    __aeabi_fadd                             0x00004629   Thumb Code     0  faddsub.o(x$fpl$fadd)
    _fadd                                    0x00004629   Thumb Code   134  faddsub.o(x$fpl$fadd)
    __aeabi_fmul                             0x000046b5   Thumb Code     0  fmul.o(x$fpl$fmul)
    _fmul                                    0x000046b5   Thumb Code   172  fmul.o(x$fpl$fmul)
    __aeabi_cfrcmple                         0x00004765   Thumb Code     0  frlef.o(x$fpl$frleqf)
    _frcmple                                 0x00004765   Thumb Code    84  frlef.o(x$fpl$frleqf)
    __aeabi_fsub                             0x000047bd   Thumb Code     0  faddsub.o(x$fpl$fsub)
    _fsub                                    0x000047bd   Thumb Code   204  faddsub.o(x$fpl$fsub)
    Read_TS_attr                             0x0000488c   Data          36  threads.o(.constdata)
    __I$use$fp                               0x0000488c   Number         0  usenofp.o(x$fpl$usenofp)
    Update_Screen_attr                       0x000048b0   Data          36  threads.o(.constdata)
    BUS_attr                                 0x000048d4   Data          36  threads.o(.constdata)
    LCD_mutex_attr                           0x000048f8   Data          16  threads.o(.constdata)
    Lucida_Console12x19                      0x00004908   Data        3831  lucida_12x19.o(.constdata)
    Init_Seq_ST7789                          0x000057ff   Data         142  st7789.o(.constdata)
    RegionTable                              0x00005890   Data          32  region.o(.constdata)
    NumProfileRegions                        0x000058b0   Data           4  region.o(.constdata)
    osRtxUserSVC                             0x00005914   Data           4  rtx_lib.o(.constdata)
    osRtxConfig                              0x00005930   Data         104  rtx_lib.o(.rodata)
    os_cb_sections                           0x00005998   Data          56  rtx_lib.o(.rodata)
    Region$$Table$$Base                      0x000059d0   Number         0  anon$$obj.o(Region$$Table)
    Region$$Table$$Limit                     0x000059f0   Number         0  anon$$obj.o(Region$$Table)
    .bss.os.msgqueue.cb$$Base                0x20000040   Number         0  rtx_lib.o(.bss.os.msgqueue.cb)
    .bss.os.msgqueue.cb$$Limit               0x20000074   Number         0  rtx_lib.o(.bss.os.msgqueue.cb)
    .bss.os.thread.cb$$Base                  0x200000c4   Number         0  rtx_lib.o(.bss.os.thread.cb)
    .bss.os.thread.cb$$Limit                 0x2000014c   Number         0  rtx_lib.o(.bss.os.thread.cb)
    g_duty_cycle                             0x20000358   Data           4  control.o(.data)
    g_enable_flash                           0x2000035c   Data           4  control.o(.data)
    g_peak_set_current                       0x20000360   Data           4  control.o(.data)
    g_flash_duration                         0x20000364   Data           4  control.o(.data)
    g_flash_period                           0x20000368   Data           4  control.o(.data)
    g_enable_control                         0x2000036c   Data           4  control.o(.data)
    g_set_current                            0x20000370   Data           4  control.o(.data)
    pGain_8                                  0x20000374   Data           4  control.o(.data)
    g_measured_current                       0x20000384   Data           4  control.o(.data)
    plantPID                                 0x20000398   Data          28  control.o(.data)
    plantPID_FX                              0x200003b4   Data          28  control.o(.data)
    read_buffer_num                          0x200003d0   Data           1  dma.o(.data)
    Reload_DMA_Byte_Count                    0x200003d4   Data           4  dma.o(.data)
    DMA_Playback_Count                       0x200003d8   Data           4  dma.o(.data)
    Reload_DMA_Source                        0x200003dc   Data           8  dma.o(.data)
    control_mode                             0x200003e4   Data           1  main.o(.data)
    t_Read_TS                                0x200003e8   Data           4  threads.o(.data)
    t_US                                     0x200003ec   Data           4  threads.o(.data)
    t_BUS                                    0x200003f0   Data           4  threads.o(.data)
    request_msgq_id                          0x200003f4   Data           4  threads.o(.data)
    result_msgq_id                           0x200003f8   Data           4  threads.o(.data)
    LCD_mutex                                0x200003fc   Data           4  threads.o(.data)
    t_Refill_Sound_Buffer                    0x20000400   Data           4  threads.o(.data)
    PC_val                                   0x20000404   Data           4  timers.o(.data)
    UI_sel_field                             0x2000040c   Data           4  ui.o(.data)
    Fields                                   0x20000430   Data         672  ui.o(.data)
    Slider                                   0x200006d0   Data          48  ui.o(.data)
    G_LCD_char_width                         0x20000700   Data           1  lcd_text.o(.data)
    G_LCD_char_height                        0x20000701   Data           1  lcd_text.o(.data)
    fg                                       0x20000702   Data           3  lcd_text.o(.data)
    bg                                       0x20000705   Data           3  lcd_text.o(.data)
    font                                     0x20000708   Data           4  lcd_text.o(.data)
    font_header                              0x2000070c   Data           4  lcd_text.o(.data)
    glyph_index                              0x20000710   Data           4  lcd_text.o(.data)
    LCD_TS_Calibrated                        0x20000714   Data           1  touchscreen.o(.data)
    LCD_TS_X_Scale                           0x2000071c   Data           4  touchscreen.o(.data)
    LCD_TS_X_Offset                          0x20000720   Data           4  touchscreen.o(.data)
    LCD_TS_Y_Scale                           0x20000724   Data           4  touchscreen.o(.data)
    LCD_TS_Y_Offset                          0x20000728   Data           4  touchscreen.o(.data)
    TS_Min                                   0x2000072c   Data           8  touchscreen.o(.data)
    TS_Max                                   0x20000734   Data           8  touchscreen.o(.data)
    black                                    0x2000073c   Data           3  colors.o(.data)
    white                                    0x2000073f   Data           3  colors.o(.data)
    green                                    0x20000742   Data           3  colors.o(.data)
    blue                                     0x20000745   Data           3  colors.o(.data)
    yellow                                   0x20000748   Data           3  colors.o(.data)
    dark_red                                 0x2000074b   Data           3  colors.o(.data)
    orange                                   0x2000074e   Data           3  colors.o(.data)
    light_gray                               0x20000751   Data           3  colors.o(.data)
    dark_gray                                0x20000754   Data           3  colors.o(.data)
    adx_lost                                 0x20000758   Data           4  profile.o(.data)
    num_lost                                 0x2000075c   Data           4  profile.o(.data)
    profile_samples                          0x20000760   Data           4  profile.o(.data)
    profiling_enabled                        0x20000764   Data           1  profile.o(.data)
    RegionCount                              0x20000768   Data           4  region.o(.data)
    SystemCoreClock                          0x20000770   Data           4  system_mkl25z4.o(.data)
    osRtxInfo                                0x20000774   Data         164  rtx_kernel.o(.data.os)
    g_set_current_array                      0x20000818   Data        1920  control.o(.bss)
    g_measure_current_array                  0x20000f98   Data        1920  control.o(.bss)
    __libspace_start                         0x20001718   Data          96  libspace.o(.bss)
    __temporary_stack_top$libspace           0x20001778   Data           0  libspace.o(.bss)



==============================================================================

Memory Map of the image

  Image Entry point : 0x00000245

  Load Region LR_1 (Base: 0x00000000, Size: 0x00007208, Max: 0xffffffff, ABSOLUTE, COMPRESSED[0x00005b44])

    Execution Region ER_RO (Exec base: 0x00000000, Load base: 0x00000000, Size: 0x000059f0, Max: 0xffffffff, ABSOLUTE)

    Exec Addr    Load Addr    Size         Type   Attr      Idx    E Section Name        Object

    0x00000000   0x00000000   0x000000c0   Data   RO         3613    RESET               startup_mkl25z4.o
    0x000000c0   0x000000c0   0x00000008   Code   RO         3706  * !!!main             c_p.l(__main.o)
    0x000000c8   0x000000c8   0x0000003c   Code   RO         3966    !!!scatter          c_p.l(__scatter.o)
    0x00000104   0x00000104   0x0000001c   Code   RO         3968    !!handler_zi        c_p.l(__scatter_zi.o)
    0x00000120   0x00000120   0x00000002   Code   RO         3691    .ARM.Collect$$_printf_percent$$00000000  c_p.l(_printf_percent.o)
    0x00000122   0x00000122   0x0000000a   Code   RO         3690    .ARM.Collect$$_printf_percent$$00000009  c_p.l(_printf_d.o)
    0x0000012c   0x0000012c   0x0000000a   Code   RO         3689    .ARM.Collect$$_printf_percent$$00000014  c_p.l(_printf_s.o)
    0x00000136   0x00000136   0x00000004   Code   RO         3758    .ARM.Collect$$_printf_percent$$00000017  c_p.l(_printf_percent_end.o)
    0x0000013a   0x0000013a   0x00000002   Code   RO         3834    .ARM.Collect$$libinit$$00000000  c_p.l(libinit.o)
    0x0000013c   0x0000013c   0x00000000   Code   RO         3847    .ARM.Collect$$libinit$$00000002  c_p.l(libinit2.o)
    0x0000013c   0x0000013c   0x00000000   Code   RO         3849    .ARM.Collect$$libinit$$00000004  c_p.l(libinit2.o)
    0x0000013c   0x0000013c   0x00000000   Code   RO         3852    .ARM.Collect$$libinit$$0000000A  c_p.l(libinit2.o)
    0x0000013c   0x0000013c   0x00000000   Code   RO         3854    .ARM.Collect$$libinit$$0000000C  c_p.l(libinit2.o)
    0x0000013c   0x0000013c   0x00000000   Code   RO         3856    .ARM.Collect$$libinit$$0000000E  c_p.l(libinit2.o)
    0x0000013c   0x0000013c   0x00000000   Code   RO         3859    .ARM.Collect$$libinit$$00000011  c_p.l(libinit2.o)
    0x0000013c   0x0000013c   0x00000000   Code   RO         3861    .ARM.Collect$$libinit$$00000013  c_p.l(libinit2.o)
    0x0000013c   0x0000013c   0x00000000   Code   RO         3863    .ARM.Collect$$libinit$$00000015  c_p.l(libinit2.o)
    0x0000013c   0x0000013c   0x00000000   Code   RO         3865    .ARM.Collect$$libinit$$00000017  c_p.l(libinit2.o)
    0x0000013c   0x0000013c   0x00000000   Code   RO         3867    .ARM.Collect$$libinit$$00000019  c_p.l(libinit2.o)
    0x0000013c   0x0000013c   0x00000000   Code   RO         3869    .ARM.Collect$$libinit$$0000001B  c_p.l(libinit2.o)
    0x0000013c   0x0000013c   0x00000000   Code   RO         3871    .ARM.Collect$$libinit$$0000001D  c_p.l(libinit2.o)
    0x0000013c   0x0000013c   0x00000000   Code   RO         3873    .ARM.Collect$$libinit$$0000001F  c_p.l(libinit2.o)
    0x0000013c   0x0000013c   0x00000000   Code   RO         3875    .ARM.Collect$$libinit$$00000021  c_p.l(libinit2.o)
    0x0000013c   0x0000013c   0x00000000   Code   RO         3877    .ARM.Collect$$libinit$$00000023  c_p.l(libinit2.o)
    0x0000013c   0x0000013c   0x00000000   Code   RO         3879    .ARM.Collect$$libinit$$00000025  c_p.l(libinit2.o)
    0x0000013c   0x0000013c   0x00000000   Code   RO         3883    .ARM.Collect$$libinit$$0000002C  c_p.l(libinit2.o)
    0x0000013c   0x0000013c   0x00000000   Code   RO         3885    .ARM.Collect$$libinit$$0000002E  c_p.l(libinit2.o)
    0x0000013c   0x0000013c   0x00000000   Code   RO         3887    .ARM.Collect$$libinit$$00000030  c_p.l(libinit2.o)
    0x0000013c   0x0000013c   0x00000000   Code   RO         3889    .ARM.Collect$$libinit$$00000032  c_p.l(libinit2.o)
    0x0000013c   0x0000013c   0x00000002   Code   RO         3890    .ARM.Collect$$libinit$$00000033  c_p.l(libinit2.o)
    0x0000013e   0x0000013e   0x00000002   Code   RO         3921    .ARM.Collect$$libshutdown$$00000000  c_p.l(libshutdown.o)
    0x00000140   0x00000140   0x00000000   Code   RO         3947    .ARM.Collect$$libshutdown$$00000002  c_p.l(libshutdown2.o)
    0x00000140   0x00000140   0x00000000   Code   RO         3949    .ARM.Collect$$libshutdown$$00000004  c_p.l(libshutdown2.o)
    0x00000140   0x00000140   0x00000000   Code   RO         3952    .ARM.Collect$$libshutdown$$00000007  c_p.l(libshutdown2.o)
    0x00000140   0x00000140   0x00000000   Code   RO         3955    .ARM.Collect$$libshutdown$$0000000A  c_p.l(libshutdown2.o)
    0x00000140   0x00000140   0x00000000   Code   RO         3957    .ARM.Collect$$libshutdown$$0000000C  c_p.l(libshutdown2.o)
    0x00000140   0x00000140   0x00000000   Code   RO         3960    .ARM.Collect$$libshutdown$$0000000F  c_p.l(libshutdown2.o)
    0x00000140   0x00000140   0x00000002   Code   RO         3961    .ARM.Collect$$libshutdown$$00000010  c_p.l(libshutdown2.o)
    0x00000142   0x00000142   0x00000000   Code   RO         3741    .ARM.Collect$$rtentry$$00000000  c_p.l(__rtentry.o)
    0x00000142   0x00000142   0x00000000   Code   RO         3788    .ARM.Collect$$rtentry$$00000002  c_p.l(__rtentry2.o)
    0x00000142   0x00000142   0x00000006   Code   RO         3800    .ARM.Collect$$rtentry$$00000004  c_p.l(__rtentry4.o)
    0x00000148   0x00000148   0x00000008   Code   RO         3789    .ARM.Collect$$rtentry$$00000008  c_p.l(__rtentry2.o)
    0x00000150   0x00000150   0x00000004   Code   RO         3791    .ARM.Collect$$rtentry$$0000000A  c_p.l(__rtentry2.o)
    0x00000154   0x00000154   0x00000000   Code   RO         3793    .ARM.Collect$$rtentry$$0000000C  c_p.l(__rtentry2.o)
    0x00000154   0x00000154   0x00000008   Code   RO         3794    .ARM.Collect$$rtentry$$0000000D  c_p.l(__rtentry2.o)
    0x0000015c   0x0000015c   0x00000002   Code   RO         3838    .ARM.Collect$$rtexit$$00000000  c_p.l(rtexit.o)
    0x0000015e   0x0000015e   0x00000000   Code   RO         3894    .ARM.Collect$$rtexit$$00000002  c_p.l(rtexit2.o)
    0x0000015e   0x0000015e   0x00000004   Code   RO         3895    .ARM.Collect$$rtexit$$00000003  c_p.l(rtexit2.o)
    0x00000162   0x00000162   0x00000006   Code   RO         3896    .ARM.Collect$$rtexit$$00000004  c_p.l(rtexit2.o)
    0x00000168   0x00000168   0x00000038   Code   RO         3694    .emb_text           c_p.l(rt_memcpy.o)
    0x000001a0   0x000001a0   0x000000a4   Code   RO         1107    .text               irq_cm0.o
    0x00000244   0x00000244   0x00000040   Code   RO         3615  * .text               startup_mkl25z4.o
    0x00000284   0x00000284   0x00000030   Code   RO         3655    .text               c_p.l(llmul.o)
    0x000002b4   0x000002b4   0x00000038   Code   RO         3659    .text               c_p.l(noretval__2snprintf.o)
    0x000002ec   0x000002ec   0x0000004e   Code   RO         3663    .text               c_p.l(_printf_pad.o)
    0x0000033a   0x0000033a   0x00000052   Code   RO         3665    .text               c_p.l(_printf_str.o)
    0x0000038c   0x0000038c   0x0000006c   Code   RO         3667    .text               c_p.l(_printf_dec.o)
    0x000003f8   0x000003f8   0x00000006   Code   RO         3704    .text               c_p.l(heapauxi.o)
    0x000003fe   0x000003fe   0x00000002   Code   RO         3910    .text               c_p.l(use_no_semi.o)
    0x00000400   0x00000400   0x00000010   Code   RO         3614    .ARM.__at_0x400     startup_mkl25z4.o
    0x00000410   0x00000410   0x0000010e   Code   RO         3677    .text               c_p.l(__printf_wp.o)
    0x0000051e   0x0000051e   0x00000002   PAD
    0x00000520   0x00000520   0x00000044   Code   RO         3692    .text               c_p.l(strlen.o)
    0x00000564   0x00000564   0x00000082   Code   RO         3695    .text               c_p.l(rt_memcpy.o)
    0x000005e6   0x000005e6   0x00000040   Code   RO         3698    .text               c_p.l(rt_memclr.o)
    0x00000626   0x00000626   0x000001e8   Code   RO         3700    .text               c_p.l(aeabi_sdivfast.o)
    0x0000080e   0x0000080e   0x0000004c   Code   RO         3723    .text               fz_ps.l(ffixi.o)
    0x0000085a   0x0000085a   0x00000030   Code   RO         3725    .text               fz_ps.l(ffixui.o)
    0x0000088a   0x0000088a   0x0000005e   Code   RO         3727    .text               fz_ps.l(fflti.o)
    0x000008e8   0x000008e8   0x000000b0   Code   RO         3748    .text               c_p.l(_printf_intcommon.o)
    0x00000998   0x00000998   0x00000030   Code   RO         3750    .text               c_p.l(_printf_char_common.o)
    0x000009c8   0x000009c8   0x0000000a   Code   RO         3752    .text               c_p.l(_sputc.o)
    0x000009d2   0x000009d2   0x00000010   Code   RO         3754    .text               c_p.l(_snputc.o)
    0x000009e2   0x000009e2   0x0000002e   Code   RO         3756    .text               c_p.l(_printf_char.o)
    0x00000a10   0x00000a10   0x00000028   Code   RO         3759    .text               c_p.l(rtudiv10.o)
    0x00000a38   0x00000a38   0x00000064   Code   RO         3761    .text               fz_ps.l(fcmpin.o)
    0x00000a9c   0x00000a9c   0x0000002e   Code   RO         3813    .text               fz_ps.l(cmpret.o)
    0x00000aca   0x00000aca   0x00000002   PAD
    0x00000acc   0x00000acc   0x00000010   Code   RO         3815    .text               fz_ps.l(fnan2.o)
    0x00000adc   0x00000adc   0x00000008   Code   RO         3819    .text               c_p.l(libspace.o)
    0x00000ae4   0x00000ae4   0x0000003e   Code   RO         3822    .text               c_p.l(sys_stackheap_outer.o)
    0x00000b22   0x00000b22   0x00000010   Code   RO         3825    .text               c_p.l(exit.o)
    0x00000b32   0x00000b32   0x0000005e   Code   RO         3835    .text               fz_ps.l(retnan.o)
    0x00000b90   0x00000b90   0x0000000c   Code   RO         3891    .text               c_p.l(sys_exit.o)
    0x00000b9c   0x00000b9c   0x00000000   Code   RO         3912    .text               c_p.l(indicate_semi.o)
    0x00000b9c   0x00000b9c   0x00000056   Code   RO         3964    .text               c_p.l(__dczerorl2.o)
    0x00000bf2   0x00000bf2   0x00000002   PAD
    0x00000bf4   0x00000bf4   0x000000f4   Code   RO            3    i.ADC0_IRQHandler   control.o
    0x00000ce8   0x00000ce8   0x00000004   Code   RO          276    i.Add_FX            fx.o
    0x00000cec   0x00000cec   0x00000044   Code   RO            4    i.Control_DutyCycle_Handler  control.o
    0x00000d30   0x00000d30   0x000001f0   Code   RO            5    i.Control_HBLED     control.o
    0x00000f20   0x00000f20   0x0000001c   Code   RO            6    i.Control_IntNonNegative_Handler  control.o
    0x00000f3c   0x00000f3c   0x00000014   Code   RO            7    i.Control_OnOff_Handler  control.o
    0x00000f50   0x00000f50   0x0000003c   Code   RO          308    i.Control_RGB_LEDs  leds.o
    0x00000f8c   0x00000f8c   0x0000006c   Code   RO          472    i.Create_OS_Objects  threads.o
    0x00000ff8   0x00000ff8   0x00000084   Code   RO          229    i.DMA0_IRQHandler   dma.o
    0x0000107c   0x0000107c   0x00000018   Code   RO          202    i.Delay             delay.o
    0x00001094   0x00001094   0x00000002   Code   RO         1279    i.EvrRtxDelay       rtx_evr.o
    0x00001096   0x00001096   0x00000002   Code   RO         1280    i.EvrRtxDelayCompleted  rtx_evr.o
    0x00001098   0x00001098   0x00000002   Code   RO         1281    i.EvrRtxDelayError  rtx_evr.o
    0x0000109a   0x0000109a   0x00000002   Code   RO         1282    i.EvrRtxDelayStarted  rtx_evr.o
    0x0000109c   0x0000109c   0x00000002   Code   RO         1300    i.EvrRtxEventFlagsWaitTimeout  rtx_evr.o
    0x0000109e   0x0000109e   0x00000002   Code   RO         1301    i.EvrRtxKernelError  rtx_evr.o
    0x000010a0   0x000010a0   0x00000002   Code   RO         1303    i.EvrRtxKernelGetState  rtx_evr.o
    0x000010a2   0x000010a2   0x00000002   Code   RO         1309    i.EvrRtxKernelInitialize  rtx_evr.o
    0x000010a4   0x000010a4   0x00000002   Code   RO         1310    i.EvrRtxKernelInitialized  rtx_evr.o
    0x000010a6   0x000010a6   0x00000002   Code   RO         1317    i.EvrRtxKernelStart  rtx_evr.o
    0x000010a8   0x000010a8   0x00000002   Code   RO         1318    i.EvrRtxKernelStarted  rtx_evr.o
    0x000010aa   0x000010aa   0x00000002   Code   RO         1323    i.EvrRtxMemoryAlloc  rtx_evr.o
    0x000010ac   0x000010ac   0x00000002   Code   RO         1324    i.EvrRtxMemoryBlockAlloc  rtx_evr.o
    0x000010ae   0x000010ae   0x00000002   Code   RO         1325    i.EvrRtxMemoryBlockFree  rtx_evr.o
    0x000010b0   0x000010b0   0x00000002   Code   RO         1326    i.EvrRtxMemoryBlockInit  rtx_evr.o
    0x000010b2   0x000010b2   0x00000002   Code   RO         1327    i.EvrRtxMemoryFree  rtx_evr.o
    0x000010b4   0x000010b4   0x00000002   Code   RO         1328    i.EvrRtxMemoryInit  rtx_evr.o
    0x000010b6   0x000010b6   0x00000002   Code   RO         1332    i.EvrRtxMemoryPoolAllocTimeout  rtx_evr.o
    0x000010b8   0x000010b8   0x00000002   Code   RO         1347    i.EvrRtxMessageQueueCreated  rtx_evr.o
    0x000010ba   0x000010ba   0x00000002   Code   RO         1350    i.EvrRtxMessageQueueError  rtx_evr.o
    0x000010bc   0x000010bc   0x00000002   Code   RO         1351    i.EvrRtxMessageQueueGet  rtx_evr.o
    0x000010be   0x000010be   0x00000002   Code   RO         1353    i.EvrRtxMessageQueueGetCount  rtx_evr.o
    0x000010c0   0x000010c0   0x00000002   Code   RO         1356    i.EvrRtxMessageQueueGetPending  rtx_evr.o
    0x000010c2   0x000010c2   0x00000002   Code   RO         1358    i.EvrRtxMessageQueueGetTimeout  rtx_evr.o
    0x000010c4   0x000010c4   0x00000002   Code   RO         1359    i.EvrRtxMessageQueueInsertPending  rtx_evr.o
    0x000010c6   0x000010c6   0x00000002   Code   RO         1360    i.EvrRtxMessageQueueInserted  rtx_evr.o
    0x000010c8   0x000010c8   0x00000002   Code   RO         1361    i.EvrRtxMessageQueueNew  rtx_evr.o
    0x000010ca   0x000010ca   0x00000002   Code   RO         1362    i.EvrRtxMessageQueueNotInserted  rtx_evr.o
    0x000010cc   0x000010cc   0x00000002   Code   RO         1363    i.EvrRtxMessageQueueNotRetrieved  rtx_evr.o
    0x000010ce   0x000010ce   0x00000002   Code   RO         1364    i.EvrRtxMessageQueuePut  rtx_evr.o
    0x000010d0   0x000010d0   0x00000002   Code   RO         1365    i.EvrRtxMessageQueuePutPending  rtx_evr.o
    0x000010d2   0x000010d2   0x00000002   Code   RO         1366    i.EvrRtxMessageQueuePutTimeout  rtx_evr.o
    0x000010d4   0x000010d4   0x00000002   Code   RO         1369    i.EvrRtxMessageQueueRetrieved  rtx_evr.o
    0x000010d6   0x000010d6   0x00000002   Code   RO         1370    i.EvrRtxMutexAcquire  rtx_evr.o
    0x000010d8   0x000010d8   0x00000002   Code   RO         1371    i.EvrRtxMutexAcquirePending  rtx_evr.o
    0x000010da   0x000010da   0x00000002   Code   RO         1372    i.EvrRtxMutexAcquireTimeout  rtx_evr.o
    0x000010dc   0x000010dc   0x00000002   Code   RO         1373    i.EvrRtxMutexAcquired  rtx_evr.o
    0x000010de   0x000010de   0x00000002   Code   RO         1374    i.EvrRtxMutexCreated  rtx_evr.o
    0x000010e0   0x000010e0   0x00000002   Code   RO         1375    i.EvrRtxMutexDelete  rtx_evr.o
    0x000010e2   0x000010e2   0x00000002   Code   RO         1376    i.EvrRtxMutexDestroyed  rtx_evr.o
    0x000010e4   0x000010e4   0x00000002   Code   RO         1377    i.EvrRtxMutexError  rtx_evr.o
    0x000010e6   0x000010e6   0x00000002   Code   RO         1380    i.EvrRtxMutexNew    rtx_evr.o
    0x000010e8   0x000010e8   0x00000002   Code   RO         1381    i.EvrRtxMutexNotAcquired  rtx_evr.o
    0x000010ea   0x000010ea   0x00000002   Code   RO         1382    i.EvrRtxMutexRelease  rtx_evr.o
    0x000010ec   0x000010ec   0x00000002   Code   RO         1383    i.EvrRtxMutexReleased  rtx_evr.o
    0x000010ee   0x000010ee   0x00000002   Code   RO         1386    i.EvrRtxSemaphoreAcquireTimeout  rtx_evr.o
    0x000010f0   0x000010f0   0x00000002   Code   RO         1398    i.EvrRtxThreadBlocked  rtx_evr.o
    0x000010f2   0x000010f2   0x00000002   Code   RO         1399    i.EvrRtxThreadCreated  rtx_evr.o
    0x000010f4   0x000010f4   0x00000002   Code   RO         1400    i.EvrRtxThreadDestroyed  rtx_evr.o
    0x000010f6   0x000010f6   0x00000002   Code   RO         1404    i.EvrRtxThreadError  rtx_evr.o
    0x000010f8   0x000010f8   0x00000002   Code   RO         1405    i.EvrRtxThreadExit  rtx_evr.o
    0x000010fa   0x000010fa   0x00000002   Code   RO         1408    i.EvrRtxThreadFlagsError  rtx_evr.o
    0x000010fc   0x000010fc   0x00000002   Code   RO         1410    i.EvrRtxThreadFlagsSet  rtx_evr.o
    0x000010fe   0x000010fe   0x00000002   Code   RO         1411    i.EvrRtxThreadFlagsSetDone  rtx_evr.o
    0x00001100   0x00001100   0x00000002   Code   RO         1413    i.EvrRtxThreadFlagsWaitCompleted  rtx_evr.o
    0x00001102   0x00001102   0x00000002   Code   RO         1416    i.EvrRtxThreadFlagsWaitTimeout  rtx_evr.o
    0x00001104   0x00001104   0x00000002   Code   RO         1426    i.EvrRtxThreadJoined  rtx_evr.o
    0x00001106   0x00001106   0x00000002   Code   RO         1427    i.EvrRtxThreadNew   rtx_evr.o
    0x00001108   0x00001108   0x00000002   Code   RO         1428    i.EvrRtxThreadPreempted  rtx_evr.o
    0x0000110a   0x0000110a   0x00000002   Code   RO         1435    i.EvrRtxThreadSwitched  rtx_evr.o
    0x0000110c   0x0000110c   0x00000002   Code   RO         1437    i.EvrRtxThreadUnblocked  rtx_evr.o
    0x0000110e   0x0000110e   0x00000002   Code   RO         1439    i.EvrRtxTimerCallback  rtx_evr.o
    0x00001110   0x00001110   0x00000064   Code   RO            8    i.Init_ADC_HBLED    control.o
    0x00001174   0x00001174   0x00000088   Code   RO            9    i.Init_Buck_HBLED   control.o
    0x000011fc   0x000011fc   0x000000b8   Code   RO          179    i.Init_Debug_Signals  debug.o
    0x000012b4   0x000012b4   0x00000068   Code   RO          309    i.Init_RGB_LEDs     leds.o
    0x0000131c   0x0000131c   0x00000028   Code   RO          843    i.LCD_24S_Write_Command  st7789.o
    0x00001344   0x00001344   0x00000028   Code   RO          844    i.LCD_24S_Write_Data  st7789.o
    0x0000136c   0x0000136c   0x00000234   Code   RO          705    i.LCD_Draw_Line     lcd_graphics.o
    0x000015a0   0x000015a0   0x00000010   Code   RO          745    i.LCD_Erase         lcd_text.o
    0x000015b0   0x000015b0   0x00000082   Code   RO          846    i.LCD_Fill_Buffer   st7789.o
    0x00001632   0x00001632   0x000000ca   Code   RO          847    i.LCD_Fill_Rectangle  st7789.o
    0x000016fc   0x000016fc   0x0000013c   Code   RO          848    i.LCD_GPIO_Init     st7789.o
    0x00001838   0x00001838   0x000000cc   Code   RO          849    i.LCD_Init          st7789.o
    0x00001904   0x00001904   0x00000072   Code   RO          850    i.LCD_Plot_Pixel    st7789.o
    0x00001976   0x00001976   0x00000096   Code   RO          855    i.LCD_Start_Rectangle  st7789.o
    0x00001a0c   0x00001a0c   0x00000020   Code   RO          960    i.LCD_TS_Init       touchscreen.o
    0x00001a2c   0x00001a2c   0x000001f0   Code   RO          961    i.LCD_TS_Read       touchscreen.o
    0x00001c1c   0x00001c1c   0x0000003c   Code   RO          747    i.LCD_Text_Init     lcd_text.o
    0x00001c58   0x00001c58   0x000001a8   Code   RO          748    i.LCD_Text_PrintChar  lcd_text.o
    0x00001e00   0x00001e00   0x00000058   Code   RO          750    i.LCD_Text_PrintStr_RC  lcd_text.o
    0x00001e58   0x00001e58   0x00000028   Code   RO          751    i.LCD_Text_Set_Colors  lcd_text.o
    0x00001e80   0x00001e80   0x00000032   Code   RO          856    i.LCD_Write_Rectangle_Pixel  st7789.o
    0x00001eb2   0x00001eb2   0x00000056   Code   RO         2744    i.MessageQueuePut   rtx_msgqueue.o
    0x00001f08   0x00001f08   0x00000016   Code   RO          277    i.Multiply_FX       fx.o
    0x00001f1e   0x00001f1e   0x00000002   PAD
    0x00001f20   0x00001f20   0x0000000c   Code   RO         3517    i.OS_Tick_AcknowledgeIRQ  os_systick.o
    0x00001f2c   0x00001f2c   0x0000002c   Code   RO         3519    i.OS_Tick_Enable    os_systick.o
    0x00001f58   0x00001f58   0x00000006   Code   RO         3522    i.OS_Tick_GetIRQn   os_systick.o
    0x00001f5e   0x00001f5e   0x00000002   PAD
    0x00001f60   0x00001f60   0x00000050   Code   RO         3525    i.OS_Tick_Setup     os_systick.o
    0x00001fb0   0x00001fb0   0x000000a8   Code   RO          541    i.PIT_IRQHandler    timers.o
    0x00002058   0x00002058   0x0000008c   Code   RO          545    i.PWM_Init          timers.o
    0x000020e4   0x000020e4   0x00000008   Code   RO          546    i.PWM_Set_Value     timers.o
    0x000020ec   0x000020ec   0x00000010   Code   RO          385    i.Sound_Disable_Amp  sound.o
    0x000020fc   0x000020fc   0x00000004   Code   RO          278    i.Subtract_FX       fx.o
    0x00002100   0x00002100   0x000000e8   Code   RO         3624    i.SystemInit        system_mkl25z4.o
    0x000021e8   0x000021e8   0x0000003c   Code   RO          547    i.TPM0_IRQHandler   timers.o
    0x00002224   0x00002224   0x00000010   Code   RO          549    i.TPM0_Start        timers.o
    0x00002234   0x00002234   0x0000000c   Code   RO          473    i.Thread_Buck_Update_Setpoint  threads.o
    0x00002240   0x00002240   0x00000028   Code   RO          474    i.Thread_Read_TS    threads.o
    0x00002268   0x00002268   0x00000024   Code   RO          475    i.Thread_Update_Screen  threads.o
    0x0000228c   0x0000228c   0x0000017c   Code   RO          630    i.UI_Draw_Screen    ui.o
    0x00002408   0x00002408   0x00000218   Code   RO          632    i.UI_Draw_set_current  ui.o
    0x00002620   0x00002620   0x0000009c   Code   RO          633    i.UI_Identify_Field  ui.o
    0x000026bc   0x000026bc   0x00000114   Code   RO          634    i.UI_Process_Touch  ui.o
    0x000027d0   0x000027d0   0x00000050   Code   RO          636    i.UI_Update_Field_Values  ui.o
    0x00002820   0x00002820   0x00000084   Code   RO           15    i.Update_Set_Current  control.o
    0x000028a4   0x000028a4   0x0000000e   Code   RO         3679    i._is_digit         c_p.l(__printf_wp.o)
    0x000028b2   0x000028b2   0x00000002   PAD
    0x000028b4   0x000028b4   0x00000030   Code   RO         2506    i._mutex_acquire    rtx_lib.o
    0x000028e4   0x000028e4   0x0000000a   Code   RO         2507    i._mutex_free       rtx_lib.o
    0x000028ee   0x000028ee   0x00000022   Code   RO         2508    i._mutex_initialize  rtx_lib.o
    0x00002910   0x00002910   0x0000002c   Code   RO         2509    i._mutex_release    rtx_lib.o
    0x0000293c   0x0000293c   0x00000008   Code   RO         2510    i._platform_post_stackheap_init  rtx_lib.o
    0x00002944   0x00002944   0x00000060   Code   RO          334    i.main              main.o
    0x000029a4   0x000029a4   0x00000034   Code   RO         1113    i.osDelay           rtx_delay.o
    0x000029d8   0x000029d8   0x0000003c   Code   RO         2326    i.osKernelGetState  rtx_kernel.o
    0x00002a14   0x00002a14   0x00000034   Code   RO         2331    i.osKernelInitialize  rtx_kernel.o
    0x00002a48   0x00002a48   0x00000030   Code   RO         2335    i.osKernelStart     rtx_kernel.o
    0x00002a78   0x00002a78   0x000000d0   Code   RO         2746    i.osMessageQueueGet  rtx_msgqueue.o
    0x00002b48   0x00002b48   0x00000040   Code   RO         2748    i.osMessageQueueGetCount  rtx_msgqueue.o
    0x00002b88   0x00002b88   0x0000003c   Code   RO         2752    i.osMessageQueueNew  rtx_msgqueue.o
    0x00002bc4   0x00002bc4   0x00000098   Code   RO         2753    i.osMessageQueuePut  rtx_msgqueue.o
    0x00002c5c   0x00002c5c   0x00000038   Code   RO         2881    i.osMutexAcquire    rtx_mutex.o
    0x00002c94   0x00002c94   0x00000034   Code   RO         2882    i.osMutexDelete     rtx_mutex.o
    0x00002cc8   0x00002cc8   0x00000034   Code   RO         2885    i.osMutexNew        rtx_mutex.o
    0x00002cfc   0x00002cfc   0x00000034   Code   RO         2886    i.osMutexRelease    rtx_mutex.o
    0x00002d30   0x00002d30   0x00000002   Code   RO         3587    i.osRtxErrorNotify  rtx_config.o
    0x00002d32   0x00002d32   0x00000002   PAD
    0x00002d34   0x00002d34   0x00000010   Code   RO         3588    i.osRtxIdleThread   rtx_config.o
    0x00002d44   0x00002d44   0x00000002   Code   RO         2338    i.osRtxKernelPreInit  rtx_kernel.o
    0x00002d46   0x00002d46   0x00000080   Code   RO         2578    i.osRtxMemoryAlloc  rtx_memory.o
    0x00002dc6   0x00002dc6   0x00000052   Code   RO         2579    i.osRtxMemoryFree   rtx_memory.o
    0x00002e18   0x00002e18   0x0000003e   Code   RO         2580    i.osRtxMemoryInit   rtx_memory.o
    0x00002e56   0x00002e56   0x0000003a   Code   RO         2619    i.osRtxMemoryPoolAlloc  rtx_mempool.o
    0x00002e90   0x00002e90   0x00000042   Code   RO         2620    i.osRtxMemoryPoolFree  rtx_mempool.o
    0x00002ed2   0x00002ed2   0x00000002   PAD
    0x00002ed4   0x00002ed4   0x0000006c   Code   RO         2621    i.osRtxMemoryPoolInit  rtx_mempool.o
    0x00002f40   0x00002f40   0x000000f6   Code   RO         2755    i.osRtxMessageQueuePostProcess  rtx_msgqueue.o
    0x00003036   0x00003036   0x00000058   Code   RO         2887    i.osRtxMutexOwnerRelease  rtx_mutex.o
    0x0000308e   0x0000308e   0x00000002   PAD
    0x00003090   0x00003090   0x00000078   Code   RO         3052    i.osRtxPendSV_Handler  rtx_system.o
    0x00003108   0x00003108   0x0000006c   Code   RO         3053    i.osRtxPostProcess  rtx_system.o
    0x00003174   0x00003174   0x00000054   Code   RO         3087    i.osRtxThreadDelayRemove  rtx_thread.o
    0x000031c8   0x000031c8   0x00000140   Code   RO         3088    i.osRtxThreadDelayTick  rtx_thread.o
    0x00003308   0x00003308   0x000000ec   Code   RO         3089    i.osRtxThreadDispatch  rtx_thread.o
    0x000033f4   0x000033f4   0x00000050   Code   RO         3090    i.osRtxThreadFree   rtx_thread.o
    0x00003444   0x00003444   0x00000016   Code   RO         3091    i.osRtxThreadListGet  rtx_thread.o
    0x0000345a   0x0000345a   0x00000028   Code   RO         3092    i.osRtxThreadListPut  rtx_thread.o
    0x00003482   0x00003482   0x0000001a   Code   RO         3093    i.osRtxThreadListRemove  rtx_thread.o
    0x0000349c   0x0000349c   0x00000050   Code   RO         3094    i.osRtxThreadListSort  rtx_thread.o
    0x000034ec   0x000034ec   0x0000007a   Code   RO         3095    i.osRtxThreadPostProcess  rtx_thread.o
    0x00003566   0x00003566   0x00000002   PAD
    0x00003568   0x00003568   0x00000038   Code   RO         3096    i.osRtxThreadReadyPut  rtx_thread.o
    0x000035a0   0x000035a0   0x00000006   Code   RO         3097    i.osRtxThreadRegPtr  rtx_thread.o
    0x000035a6   0x000035a6   0x00000002   PAD
    0x000035a8   0x000035a8   0x0000002c   Code   RO         3098    i.osRtxThreadStackCheck  rtx_thread.o
    0x000035d4   0x000035d4   0x00000040   Code   RO         3099    i.osRtxThreadStartup  rtx_thread.o
    0x00003614   0x00003614   0x0000001c   Code   RO         3100    i.osRtxThreadSwitch  rtx_thread.o
    0x00003630   0x00003630   0x000000ac   Code   RO         3101    i.osRtxThreadWaitEnter  rtx_thread.o
    0x000036dc   0x000036dc   0x00000058   Code   RO         3102    i.osRtxThreadWaitExit  rtx_thread.o
    0x00003734   0x00003734   0x00000078   Code   RO         3054    i.osRtxTick_Handler  rtx_system.o
    0x000037ac   0x000037ac   0x00000048   Code   RO         3426    i.osRtxTimerThread  rtx_timer.o
    0x000037f4   0x000037f4   0x0000008c   Code   RO         3427    i.osRtxTimerTick    rtx_timer.o
    0x00003880   0x00003880   0x00000018   Code   RO         3105    i.osThreadExit      rtx_thread.o
    0x00003898   0x00003898   0x00000080   Code   RO         3108    i.osThreadFlagsSet  rtx_thread.o
    0x00003918   0x00003918   0x0000003c   Code   RO         3118    i.osThreadNew       rtx_thread.o
    0x00003954   0x00003954   0x0000002c   Code   RO         1115    i.svcRtxDelay       rtx_delay.o
    0x00003980   0x00003980   0x00000014   Code   RO         2340    i.svcRtxKernelGetState  rtx_kernel.o
    0x00003994   0x00003994   0x0000014c   Code   RO         2345    i.svcRtxKernelInitialize  rtx_kernel.o
    0x00003ae0   0x00003ae0   0x00000098   Code   RO         2349    i.svcRtxKernelStart  rtx_kernel.o
    0x00003b78   0x00003b78   0x00000168   Code   RO         2757    i.svcRtxMessageQueueGet  rtx_msgqueue.o
    0x00003ce0   0x00003ce0   0x00000024   Code   RO         2759    i.svcRtxMessageQueueGetCount  rtx_msgqueue.o
    0x00003d04   0x00003d04   0x00000190   Code   RO         2763    i.svcRtxMessageQueueNew  rtx_msgqueue.o
    0x00003e94   0x00003e94   0x000000fc   Code   RO         2764    i.svcRtxMessageQueuePut  rtx_msgqueue.o
    0x00003f90   0x00003f90   0x000000ec   Code   RO         2888    i.svcRtxMutexAcquire  rtx_mutex.o
    0x0000407c   0x0000407c   0x000000cc   Code   RO         2889    i.svcRtxMutexDelete  rtx_mutex.o
    0x00004148   0x00004148   0x0000008c   Code   RO         2892    i.svcRtxMutexNew    rtx_mutex.o
    0x000041d4   0x000041d4   0x00000100   Code   RO         2893    i.svcRtxMutexRelease  rtx_mutex.o
    0x000042d4   0x000042d4   0x00000088   Code   RO         3126    i.svcRtxThreadExit  rtx_thread.o
    0x0000435c   0x0000435c   0x000000dc   Code   RO         3129    i.svcRtxThreadFlagsSet  rtx_thread.o
    0x00004438   0x00004438   0x000001f0   Code   RO         3139    i.svcRtxThreadNew   rtx_thread.o
    0x00004628   0x00004628   0x0000008c   Code   RO         3714    x$fpl$fadd          fz_ps.l(faddsub.o)
    0x000046b4   0x000046b4   0x000000b0   Code   RO         3729    x$fpl$fmul          fz_ps.l(fmul.o)
    0x00004764   0x00004764   0x00000058   Code   RO         3731    x$fpl$frleqf        fz_ps.l(frlef.o)
    0x000047bc   0x000047bc   0x000000d0   Code   RO         3716    x$fpl$fsub          fz_ps.l(faddsub.o)
    0x0000488c   0x0000488c   0x00000000   Code   RO         3765    x$fpl$usenofp       fz_ps.l(usenofp.o)
    0x0000488c   0x0000488c   0x0000007c   Data   RO          476    .constdata          threads.o
    0x00004908   0x00004908   0x00000ef7   Data   RO          823    .constdata          lucida_12x19.o
    0x000057ff   0x000057ff   0x0000008e   Data   RO          858    .constdata          st7789.o
    0x0000588d   0x0000588d   0x00000003   PAD
    0x00005890   0x00005890   0x00000020   Data   RO         1091    .constdata          region.o
    0x000058b0   0x000058b0   0x00000004   Data   RO         1092    .constdata          region.o
    0x000058b4   0x000058b4   0x00000024   Data   RO         2520    .constdata          rtx_lib.o
    0x000058d8   0x000058d8   0x00000024   Data   RO         2521    .constdata          rtx_lib.o
    0x000058fc   0x000058fc   0x00000018   Data   RO         2522    .constdata          rtx_lib.o
    0x00005914   0x00005914   0x00000004   Data   RO         2523    .constdata          rtx_lib.o
    0x00005918   0x00005918   0x0000000a   Data   RO          477    .conststring        threads.o
    0x00005922   0x00005922   0x00000002   PAD
    0x00005924   0x00005924   0x0000000b   Data   RO         2352    .conststrlit        rtx_kernel.o
    0x0000592f   0x0000592f   0x00000001   PAD
    0x00005930   0x00005930   0x000000a0   Data   RO         2526    .rodata             rtx_lib.o
    0x000059d0   0x000059d0   0x00000020   Data   RO         3962    Region$$Table       anon$$obj.o


    Execution Region ER_RW (Exec base: 0x1ffff000, Load base: 0x000059f0, Size: 0x00001818, Max: 0xffffffff, ABSOLUTE, COMPRESSED[0x00000154])

    Exec Addr    Load Addr    Size         Type   Attr      Idx    E Section Name        Object

    0x1ffff000   COMPRESSED   0x00001000   Data   RW         2511    .bss.os             rtx_lib.o
    0x20000000   COMPRESSED   0x00000040   Data   RW         2512    .bss.os             rtx_lib.o
    0x20000040   COMPRESSED   0x00000034   Data   RW         2514    .bss.os.msgqueue.cb  rtx_lib.o
    0x20000074   COMPRESSED   0x00000050   Data   RW         2515    .bss.os.msgqueue.mem  rtx_lib.o
    0x200000c4   COMPRESSED   0x00000044   Data   RW         2516    .bss.os.thread.cb   rtx_lib.o
    0x20000108   COMPRESSED   0x00000044   Data   RW         2517    .bss.os.thread.cb   rtx_lib.o
    0x2000014c   COMPRESSED   0x00000004   PAD
    0x20000150   COMPRESSED   0x00000100   Data   RW         2518    .bss.os.thread.stack  rtx_lib.o
    0x20000250   COMPRESSED   0x00000100   Data   RW         2519    .bss.os.thread.stack  rtx_lib.o
    0x20000350   COMPRESSED   0x00000080   Data   RW           17    .data               control.o
    0x200003d0   COMPRESSED   0x00000014   Data   RW          232    .data               dma.o
    0x200003e4   COMPRESSED   0x00000001   Data   RW          335    .data               main.o
    0x200003e5   COMPRESSED   0x00000003   PAD
    0x200003e8   COMPRESSED   0x00000018   Data   RW          478    .data               threads.o
    0x20000400   COMPRESSED   0x00000004   Data   RW          480    .data               threads.o
    0x20000404   COMPRESSED   0x00000008   Data   RW          552    .data               timers.o
    0x2000040c   COMPRESSED   0x000002f4   Data   RW          638    .data               ui.o
    0x20000700   COMPRESSED   0x00000014   Data   RW          756    .data               lcd_text.o
    0x20000714   COMPRESSED   0x00000028   Data   RW          962    .data               touchscreen.o
    0x2000073c   COMPRESSED   0x00000003   Data   RW         1006    .data               colors.o
    0x2000073f   COMPRESSED   0x00000003   Data   RW         1007    .data               colors.o
    0x20000742   COMPRESSED   0x00000003   Data   RW         1009    .data               colors.o
    0x20000745   COMPRESSED   0x00000003   Data   RW         1010    .data               colors.o
    0x20000748   COMPRESSED   0x00000003   Data   RW         1011    .data               colors.o
    0x2000074b   COMPRESSED   0x00000003   Data   RW         1014    .data               colors.o
    0x2000074e   COMPRESSED   0x00000003   Data   RW         1020    .data               colors.o
    0x20000751   COMPRESSED   0x00000003   Data   RW         1021    .data               colors.o
    0x20000754   COMPRESSED   0x00000003   Data   RW         1022    .data               colors.o
    0x20000757   COMPRESSED   0x00000001   PAD
    0x20000758   COMPRESSED   0x00000004   Data   RW         1041    .data               profile.o
    0x2000075c   COMPRESSED   0x00000004   Data   RW         1042    .data               profile.o
    0x20000760   COMPRESSED   0x00000004   Data   RW         1043    .data               profile.o
    0x20000764   COMPRESSED   0x00000001   Data   RW         1044    .data               profile.o
    0x20000765   COMPRESSED   0x00000003   PAD
    0x20000768   COMPRESSED   0x00000004   Data   RW         1093    .data               region.o
    0x2000076c   COMPRESSED   0x00000001   Data   RW         2525    .data               rtx_lib.o
    0x2000076d   COMPRESSED   0x00000001   Data   RW         3526    .data               os_systick.o
    0x2000076e   COMPRESSED   0x00000002   PAD
    0x20000770   COMPRESSED   0x00000004   Data   RW         3625    .data               system_mkl25z4.o
    0x20000774   COMPRESSED   0x000000a4   Data   RW         2353    .data.os            rtx_kernel.o


    Execution Region ER_ZI (Exec base: 0x20000818, Load base: 0x00005b44, Size: 0x00001260, Max: 0xffffffff, ABSOLUTE)

    Exec Addr    Load Addr    Size         Type   Attr      Idx    E Section Name        Object

    0x20000818        -       0x00000f00   Zero   RW           16    .bss                control.o
    0x20001718        -       0x00000060   Zero   RW         3820    .bss                c_p.l(libspace.o)
    0x20001778        -       0x00000000   Zero   RW         3612    HEAP                startup_mkl25z4.o
    0x20001778        -       0x00000300   Zero   RW         3611    STACK               startup_mkl25z4.o


==============================================================================

Image component sizes


      Code (inc. data)   RO Data    RW Data    ZI Data      Debug   Object Name

         0          0          0         27          0       1078   colors.o
      1224        152          0        128       3840     240325   control.o
       184         26          0          0          0        509   debug.o
        24          4          0          0          0        768   delay.o
       132         30          0         20          0     213036   dma.o
        30          0          0          0          0       1441   fx.o
       164          8          0          0          0        620   irq_cm0.o
       564          0          0          0          0       4899   lcd_graphics.o
       628         52          0         20          0       5953   lcd_text.o
       164         30          0          0          0       1043   leds.o
         0          0       3831          0          0        530   lucida_12x19.o
        96         14          0          1          0       3344   main.o
       142         36          0          1          0       2424   os_systick.o
         0          0          0         13          0        394   profile.o
         0          0         36          4          0       1018   region.o
        18          6          0          0          0        869   rtx_config.o
        96         12          0          0          0      11889   rtx_delay.o
       124          0          0          0          0      33199   rtx_evr.o
       666         70         11        164          0      19362   rtx_kernel.o
       144          8        260       4941          0      12262   rtx_lib.o
       272          0          0          0          0       3823   rtx_memory.o
       232          4          0          0          0       4411   rtx_mempool.o
      1864         44          0          0          0      17029   rtx_msgqueue.o
      1136         46          0          0          0       9032   rtx_mutex.o
       348         32          0          0          0       5729   rtx_system.o
      2532        118          0          0          0      25849   rtx_thread.o
       212         18          0          0          0       2475   rtx_timer.o
        16          6          0          0          0        384   sound.o
      1246         56        142          0          0       6814   st7789.o
        80         44        192          0        768        856   startup_mkl25z4.o
       232         48          0          4          0        795   system_mkl25z4.o
       196         46        134         28          0       6896   threads.o
       392         76          0          8          0       3793   timers.o
       528         38          0         40          0       4036   touchscreen.o
      1428        118          0        756          0       5983   ui.o

    ----------------------------------------------------------------------
     15128       1142       4644       6168       4608     652868   Object Totals
         0          0         32          0          0          0   (incl. Generated)
        14          0          6         13          0          0   (incl. Padding)

    ----------------------------------------------------------------------

      Code (inc. data)   RO Data    RW Data    ZI Data      Debug   Library Member Name

        86          0          0          0          0          0   __dczerorl2.o
         8          0          0          0          0         68   __main.o
       284          0          0          0          0        136   __printf_wp.o
         0          0          0          0          0          0   __rtentry.o
        20          0          0          0          0          0   __rtentry2.o
         6          0          0          0          0          0   __rtentry4.o
        60          8          0          0          0          0   __scatter.o
        28          0          0          0          0          0   __scatter_zi.o
        46          0          0          0          0        100   _printf_char.o
        48          6          0          0          0         88   _printf_char_common.o
        10          0          0          0          0          0   _printf_d.o
       108         18          0          0          0         76   _printf_dec.o
       176          0          0          0          0         84   _printf_intcommon.o
        78          0          0          0          0        100   _printf_pad.o
         2          0          0          0          0          0   _printf_percent.o
         4          0          0          0          0          0   _printf_percent_end.o
        10          0          0          0          0          0   _printf_s.o
        82          0          0          0          0         72   _printf_str.o
        16          0          0          0          0         60   _snputc.o
        10          0          0          0          0         60   _sputc.o
       488          0          0          0          0         92   aeabi_sdivfast.o
        16          0          0          0          0         68   exit.o
         6          0          0          0          0        136   heapauxi.o
         0          0          0          0          0          0   indicate_semi.o
         2          0          0          0          0          0   libinit.o
         2          0          0          0          0          0   libinit2.o
         2          0          0          0          0          0   libshutdown.o
         2          0          0          0          0          0   libshutdown2.o
         8          4          0          0         96         68   libspace.o
        48          0          0          0          0         72   llmul.o
        56          6          0          0          0         84   noretval__2snprintf.o
        64          0          0          0          0        108   rt_memclr.o
       186          0          0          0          0        144   rt_memcpy.o
         2          0          0          0          0          0   rtexit.o
        10          0          0          0          0          0   rtexit2.o
        40          0          0          0          0         60   rtudiv10.o
        68          6          0          0          0         72   strlen.o
        12          4          0          0          0         60   sys_exit.o
        62          0          0          0          0         80   sys_stackheap_outer.o
         2          0          0          0          0         68   use_no_semi.o
        46          0          0          0          0         60   cmpret.o
       348          8          0          0          0        160   faddsub.o
       100          4          0          0          0         68   fcmpin.o
        76          0          0          0          0         68   ffixi.o
        48          0          0          0          0         60   ffixui.o
        94          0          0          0          0         92   fflti.o
       176          4          0          0          0         80   fmul.o
        16          6          0          0          0         68   fnan2.o
        88          4          0          0          0         76   frlef.o
        94          0          0          0          0         68   retnan.o
         0          0          0          0          0          0   usenofp.o

    ----------------------------------------------------------------------
      3252         78          0          0         96       2756   Library Totals
         8          0          0          0          0          0   (incl. Padding)

    ----------------------------------------------------------------------

      Code (inc. data)   RO Data    RW Data    ZI Data      Debug   Library Name

      2158         52          0          0         96       1956   c_p.l
      1086         26          0          0          0        800   fz_ps.l

    ----------------------------------------------------------------------
      3252         78          0          0         96       2756   Library Totals

    ----------------------------------------------------------------------

==============================================================================


      Code (inc. data)   RO Data    RW Data    ZI Data      Debug   

     18380       1220       4644       6168       4704     646240   Grand Totals
     18380       1220       4644        340       4704     646240   ELF Image Totals (compressed)
     18380       1220       4644        340          0          0   ROM Totals

==============================================================================

    Total RO  Size (Code + RO Data)                23024 (  22.48kB)
    Total RW  Size (RW Data + ZI Data)             10872 (  10.62kB)
    Total ROM Size (Code + RO Data + RW Data)      23364 (  22.82kB)

==============================================================================

